: Running with following config:
cudaUseFP16 = false
cudaUseNHWC = false
forDeterministicTesting = true
logAllRequests = true
logAllResponses = true
logFile = tests/results/analysis/pvvisits_nograph.txt.log
logSearchInfo = true
logTimeStamp = false
maxVisits = 500
nnCacheSizePowerOfTwo = 23
nnMaxBatchSize = 64
nnMutexPoolSizePowerOfTwo = 17
nnRandSeed = analysisTest
nnRandomize = false
numAnalysisThreads = 1
numSearchThreads = 1
openclUseFP16 = false
reportAnalysisWinratesAs = BLACK
rootSymmetryPruning = false
trtUseFP16 = false
useGraphSearch = false

: Analysis Engine starting...
: KataGo v1.12.3
: nnRandSeed0 = analysisTest
: After dedups: nnModelFile0 = tests/models/g170-b6c96-s175395328-d26788732.bin.gz useFP16 false useNHWC false
: Initializing neural net buffer to be size 19 * 19 allowing smaller boards
: Cuda backend thread 0: Found GPU NVIDIA RTX A6000 memory 51050250240 compute capability major 8 minor 6 device 0
: Cuda backend thread 0: Model version 8 useFP16 = false useNHWC = false
: Cuda backend thread 0: Model name: g170-b6c96-s175395328-d26788732
: Loaded config configs/analysis_example.cfg and/or command-line and query overrides
: Loaded model tests/models/g170-b6c96-s175395328-d26788732.bin.gz
: Config override: cudaUseFP16 = false
: Config override: cudaUseNHWC = false
: Config override: forDeterministicTesting = true
: Config override: logAllRequests = true
: Config override: logAllResponses = true
: Config override: logDir = 
: Config override: logFile = tests/results/analysis/pvvisits_nograph.txt.log
: Config override: logSearchInfo = true
: Config override: logTimeStamp = false
: Config override: nnRandSeed = analysisTest
: Config override: nnRandomize = false
: Config override: numAnalysisThreads = 1
: Config override: numSearchThreadsPerAnalysisThread = 1
: Config override: openclUseFP16 = false
: Config override: rootSymmetryPruning = false
: Config override: trtUseFP16 = false
: Config override: useGraphSearch = false
: Analyzing up to 1 positions at at time in parallel
: Started, ready to begin handling requests
: Request: {"id":"pvvisittest","initialStones":[],"moves":[["B","D4"],["W","D5"],["B","C5"],["W","E4"],["B","D3"],["W","C6"],["B","E5"],["W","D6"]],"rules":"tromp-taylor","komi":9,"boardXSize":7,"boardYSize":7,"overrideSettings":{"maxVisits":1000},"includePVVisits":true}
: Request: {"id":"pvvisittest","initialStones":[],"moves":[["B","D4"],["W","D5"],["B","C5"],["W","E4"],["B","D3"],["W","E5"],["B","C6"],["W","E3"],["B","E2"],["W","F2"],["B","D2"],["W","C4"],["B","D6"],["W","B4"]],"rules":"chinese","komi":9,"boardXSize":7,"boardYSize":7,"overrideSettings":{"maxVisits":1000},"includePVVisits":true}
: MoveNum: 8 HASH: 68923BD112145D32565C85CE0EF9CB35
   A B C D E F G
 7 . . . . . . .
 6 . . O1O3. . .
 5 . . X O X2. .
 4 . . . X O . .
 3 . . . X . . .
 2 . . . . . . .
 1 . . . . . . .

koPOSITIONALscoreAREAtaxNONEsui1komi9
Root visits: 1000
New playouts: 1000
NN rows: 822
NN batches: 822
NN avg batch size: 1
PV: E3 F4 F5 F6 F3 C4 B5 B4 B6 B7 B3 A5 C3 A6 E6
Tree:
: T   8.22c W  16.06c S  -4.74c ( +0.7 L  +0.6) N    1000  --  E3 F4 F5 F6 F3 C4 B5
---Black(^)---
E3  : T  15.25c W  21.94c S  -5.02c ( +0.9 L  +0.9) LCB    3.32c P  3.98% WF 514.6 PSV     483 N     488  --  E3 F4 F5 F6 F3 C4 B5 B4
F5  : T   6.81c W  17.36c S  -4.30c ( +0.7 L  +0.6) LCB  -10.71c P 18.75% WF 272.1 PSV     125 N     282  --  F5 B5 B3 F4 G4 C4 C3 F6
F4  : T  -1.60c W   3.37c S  -5.42c ( +0.2 L  +0.2) LCB  -21.95c P 36.13% WF 130.5 PSV     124 N     143  --  F4 C4 C3 B5 B4 F5 E3 E6
E6  : T -19.29c W  -7.96c S  -4.87c ( -0.5 L  -0.7) LCB  -42.96c P 40.37% WF  65.2 PSV      68 N      83  --  E6 E3 E2 F2 C2 F5 F6 F4
B5  : T -87.06c W -72.12c S -14.94c ( -5.4 L  -5.0) LCB -437.06c P  0.44% WF   0.8 PSV       0 N       1  --  B5
B4  : T -101.20c W -82.91c S -18.30c ( -7.0 L  -5.8) LCB -451.20c P  0.08% WF   0.7 PSV       0 N       1  --  B4
B6  : T -83.49c W -69.80c S -13.69c ( -5.5 L  -3.4) LCB -433.49c P  0.07% WF   0.8 PSV       0 N       1  --  B6

: Response: {"id":"pvvisittest","isDuringSearch":false,"moveInfos":[{"lcb":0.567104996,"move":"E3","order":0,"prior":0.0397898182,"pv":["E3","F4","F5","F6","F3","C4","B5","B4","B6","B7","B3","A5","C3","A6","E6"],"pvEdgeVisits":[488,339,329,285,241,135,76,63,45,15,9,6,4,3,1],"pvVisits":[488,339,329,285,241,135,76,63,45,15,9,6,4,3,1],"scoreLead":0.857817564,"scoreMean":0.857817564,"scoreSelfplay":0.906311447,"scoreStdev":6.75932547,"utility":0.152489875,"utilityLcb":0.0332464981,"visits":488,"weight":482.6414613290066,"winrate":0.609691916},{"lcb":0.524190264,"move":"F5","order":1,"prior":0.18750371,"pv":["F5","B5","B3","F4","G4","C4","C3","F6","F3","E6","E3","B4","A4"],"pvEdgeVisits":[282,250,103,83,31,18,15,11,8,7,4,3,1],"pvVisits":[282,250,103,83,31,18,15,11,8,7,4,3,1],"scoreLead":0.557346299,"scoreMean":0.557346299,"scoreSelfplay":0.686932708,"scoreStdev":10.2367976,"utility":0.0681244594,"utilityLcb":-0.107149578,"visits":282,"weight":274.8072724411111,"winrate":0.586788134},{"lcb":0.444154999,"move":"F4","order":2,"prior":0.361343056,"pv":["F4","C4","C3","B5","B4","F5","E3","E6","C5","E4","B6","C4"],"pvEdgeVisits":[143,118,106,100,77,24,15,12,5,4,2,1],"pvVisits":[143,118,106,100,77,24,15,12,5,4,2,1],"scoreLead":0.215456619,"scoreMean":0.215456619,"scoreSelfplay":0.230680535,"scoreStdev":9.52726353,"utility":-0.0159531468,"utilityLcb":-0.21951728,"visits":143,"weight":141.81471185622468,"winrate":0.516856475},{"lcb":0.375694251,"move":"E6","order":3,"prior":0.403681099,"pv":["E6","E3","E2","F2","C2","F5","F6","F4"],"pvEdgeVisits":[83,51,25,22,5,3,2,1],"pvVisits":[83,51,25,22,5,3,2,1],"scoreLead":-0.703649746,"scoreMean":-0.703649746,"scoreSelfplay":-0.482331223,"scoreStdev":15.5931266,"utility":-0.192911059,"utilityLcb":-0.429550568,"visits":83,"weight":82.42654888757451,"winrate":0.460208362},{"lcb":-1.11060376,"move":"B5","order":4,"prior":0.00439723395,"pv":["B5"],"pvEdgeVisits":[1],"pvVisits":[1],"scoreLead":-4.95396185,"scoreMean":-4.95396185,"scoreSelfplay":-5.44648409,"scoreStdev":10.5671071,"utility":-0.870644001,"utilityLcb":-4.37064402,"visits":1,"weight":1.0,"winrate":0.139396243},{"lcb":-1.16454727,"move":"B4","order":5,"prior":0.000787151512,"pv":["B4"],"pvEdgeVisits":[1],"pvVisits":[1],"scoreLead":-5.81449413,"scoreMean":-5.81449413,"scoreSelfplay":-6.96907425,"scoreStdev":9.32004386,"utility":-1.0120462,"utilityLcb":-4.51204622,"visits":1,"weight":1.0,"winrate":0.0854527354},{"lcb":-1.09901954,"move":"B6","order":6,"prior":0.000691668538,"pv":["B6"],"pvEdgeVisits":[1],"pvVisits":[1],"scoreLead":-3.44325447,"scoreMean":-3.44325447,"scoreSelfplay":-5.49600983,"scoreStdev":12.4498331,"utility":-0.834932505,"utilityLcb":-4.33493252,"visits":1,"weight":1.0,"winrate":0.150980465}],"rootInfo":{"currentPlayer":"B","rawStScoreError":-1.0,"rawStWrError":-0.5,"rawVarTimeLeft":-1.0,"scoreLead":0.581012582,"scoreSelfplay":0.653824994,"scoreStdev":8.88383757,"symHash":"10155F672C0B5682E08EB339027AD849","thisHash":"E2B811FEE059E65F93697CB1DE35B543","utility":0.084530127,"visits":1000,"weight":985.6899945139169,"winrate":0.57929939},"turnNumber":8}
: MoveNum: 14 HASH: B56076090A467FAA5A715507E32E1149
   A B C D E F G
 7 . . . . . . .
 6 . . X X2. . .
 5 . . X O O . .
 4 . O3O1X O . .
 3 . . . X O . .
 2 . . . X X O .
 1 . . . . . . .

koSIMPLEscoreAREAtaxNONEsui0whbNfpok1komi9
Root visits: 1000
New playouts: 1000
NN rows: 1646
NN batches: 1646
NN avg batch size: 1
PV: C3 E6 F1 B5 B6 D7 B3 F3 C7 E7 A5 G2 E1 G1 A4 pass pass
Tree:
: T  26.67c W  29.41c S  -2.46c ( +0.8 L  +0.8) N    1000  --  C3 E6 F1 B5 B6 D7 B3
---Black(^)---
C3  : T  31.84c W  34.04c S  -2.04c ( +1.1 L  +1.0) LCB   24.47c P  8.84% WF 861.6 PSV     825 N     827  --  C3 E6 F1 B5 B6 D7 B3 F3
B2  : T  10.14c W  12.50c S  -3.05c ( +0.5 L  +0.5) LCB  -26.92c P 15.34% WF  66.9 PSV      37 N      77  --  B2 E6 B5 D7 C7 E7 F1 A6
F1  : T   3.79c W   8.35c S  -1.98c ( +0.6 L  +0.6) LCB  -24.52c P 14.65% WF  41.0 PSV      27 N      49  --  F1 E6 B5 B2 F3 F4 G2 D7
E6  : T -45.49c W -34.13c S  -9.54c ( -5.0 L  -5.1) LCB  -96.93c P 21.29% WF  13.2 PSV      14 N      22  --  E6 C3 C2 B2 B1
B3  : T -100.25c W -61.63c S -19.39c (-13.3 L -12.0) LCB -144.56c P 26.12% WF   5.9 PSV      10 N      12  --  B3 C3 C2 B2 B1 A3 B5
B5  : T -68.64c W -50.71c S -10.25c ( -5.8 L  -5.4) LCB -101.44c P 11.99% WF   5.4 PSV       6 N       9  --  B5 B2 C2 B3 F1 F3
F3  : T -58.21c W -48.57c S  -9.65c ( -4.4 L  -3.7) LCB -408.21c P  1.27% WF   0.8 PSV       0 N       1  --  F3
F6  : T -92.30c W -74.86c S -17.44c (-11.6 L  -9.7) LCB -442.30c P  0.17% WF   0.7 PSV       0 N       1  --  F6
G2  : T -68.13c W -56.41c S -11.72c ( -6.1 L  -5.0) LCB -418.13c P  0.11% WF   0.7 PSV       0 N       1  --  G2

: Response: {"id":"pvvisittest","isDuringSearch":false,"moveInfos":[{"lcb":0.643886896,"move":"C3","order":0,"prior":0.0883528665,"pv":["C3","E6","F1","B5","B6","D7","B3","F3","C7","E7","A5","G2","E1","G1","A4","pass"],"pvEdgeVisits":[827,620,589,474,471,218,119,77,55,43,18,17,11,10,6,5],"pvVisits":[827,620,589,474,471,218,119,77,55,43,18,17,11,10,6,5],"scoreLead":1.0244715,"scoreMean":1.0244715,"scoreSelfplay":1.11389677,"scoreStdev":8.59711276,"utility":0.318424616,"utilityLcb":0.24473753,"visits":827,"weight":824.815058131777,"winrate":0.670203712},{"lcb":0.430138805,"move":"B2","order":1,"prior":0.153434619,"pv":["B2","E6","B5","D7","C7","E7","F1","A6","A4","A5"],"pvEdgeVisits":[77,63,60,32,27,18,12,5,2,1],"pvVisits":[77,63,60,32,27,18,12,5,2,1],"scoreLead":0.486383145,"scoreMean":0.486383145,"scoreSelfplay":0.471707167,"scoreStdev":10.2380155,"utility":0.10140032,"utilityLcb":-0.269192549,"visits":77,"weight":77.0,"winrate":0.562493401},{"lcb":0.440615418,"move":"F1","order":2,"prior":0.146502122,"pv":["F1","E6","B5","B2","F3","F4","G2","D7","A4","A3"],"pvEdgeVisits":[49,26,23,20,15,13,9,8,2,1],"pvVisits":[49,26,23,20,15,13,9,8,2,1],"scoreLead":0.646219069,"scoreMean":0.646219069,"scoreSelfplay":0.557937724,"scoreStdev":16.9529945,"utility":0.0378691948,"utilityLcb":-0.245242953,"visits":49,"weight":49.0,"winrate":0.541726899},{"lcb":0.145630228,"move":"E6","order":3,"prior":0.212886944,"pv":["E6","C3","C2","B2","B1"],"pvEdgeVisits":[22,9,3,2,1],"pvVisits":[22,9,3,2,1],"scoreLead":-5.11178816,"scoreMean":-5.11178816,"scoreSelfplay":-4.96996507,"scoreStdev":16.7581678,"utility":-0.45486938,"utilityLcb":-0.969257681,"visits":22,"weight":21.34597906504222,"winrate":0.329340335},{"lcb":0.0335971575,"move":"B3","order":4,"prior":0.261169076,"pv":["B3","C3","C2","B2","B1","A3","B5"],"pvEdgeVisits":[12,11,7,6,3,2,1],"pvVisits":[12,11,7,6,3,2,1],"scoreLead":-12.0197508,"scoreMean":-12.0197508,"scoreSelfplay":-13.3432865,"scoreStdev":16.8672903,"utility":-1.00251232,"utilityLcb":-1.44563352,"visits":12,"weight":12.0,"winrate":0.191854727},{"lcb":0.129279407,"move":"B5","order":5,"prior":0.119903609,"pv":["B5","B2","C2","B3","F1","F3"],"pvEdgeVisits":[9,8,5,4,2,1],"pvVisits":[9,8,5,4,2,1],"scoreLead":-5.44200315,"scoreMean":-5.44200315,"scoreSelfplay":-5.77001479,"scoreStdev":17.5461826,"utility":-0.686353662,"utilityLcb":-1.01443123,"visits":9,"weight":9.0,"winrate":0.246449966},{"lcb":-0.992835081,"move":"F3","order":6,"prior":0.0126994969,"pv":["F3"],"pvEdgeVisits":[1],"pvVisits":[1],"scoreLead":-3.74213624,"scoreMean":-3.74213624,"scoreSelfplay":-4.39467239,"scoreStdev":14.6443034,"utility":-0.582139054,"utilityLcb":-4.08213907,"visits":1,"weight":1.0,"winrate":0.257164925},{"lcb":-1.12430918,"move":"F6","order":7,"prior":0.0017052358,"pv":["F6"],"pvEdgeVisits":[1],"pvVisits":[1],"scoreLead":-9.68535519,"scoreMean":-9.68535519,"scoreSelfplay":-11.6348562,"scoreStdev":17.0774297,"utility":-0.922978962,"utilityLcb":-4.42297898,"visits":1,"weight":1.0,"winrate":0.125690825},{"lcb":-1.03206649,"move":"G2","order":8,"prior":0.00111480814,"pv":["G2"],"pvEdgeVisits":[1],"pvVisits":[1],"scoreLead":-5.01870155,"scoreMean":-5.01870155,"scoreSelfplay":-6.06047058,"scoreStdev":15.185776,"utility":-0.681311284,"utilityLcb":-4.1813113,"visits":1,"weight":1.0,"winrate":0.217933513}],"rootInfo":{"currentPlayer":"B","rawStScoreError":-1.0,"rawStWrError":-0.5,"rawVarTimeLeft":-1.0,"scoreLead":0.71526202,"scoreSelfplay":0.779202995,"scoreStdev":9.56690928,"symHash":"0CAA03496D1088226717248B65E75E44","thisHash":"3F4A5C26F80BC4C79F44AC7833E26F3F","utility":0.268844085,"visits":1000,"weight":997.1610371968193,"winrate":0.64895974},"turnNumber":14}
: tests/models/g170-b6c96-s175395328-d26788732.bin.gz
: NN rows: 1646
: NN batches: 1646
: NN avg batch size: 1
: GPU -1 finishing, processed 1646 rows 1646 batches
: All cleaned up, quitting
