{"id":"pvvisittest","isDuringSearch":false,"moveInfos":[{"lcb":0.567104996,"move":"E3","order":0,"prior":0.0397898182,"pv":["E3","F4","F5","F6","F3","C4","B5","B4","B6","B7","B3","A5","C3","A6","E6"],"pvEdgeVisits":[488,339,329,285,241,135,76,63,45,15,9,6,4,3,1],"pvVisits":[488,339,329,285,241,135,76,63,45,15,9,6,4,3,1],"resultUtility":-0.219383832,"scoreLead":0.857817564,"scoreMean":0.857817564,"scoreSelfplay":0.906311447,"scoreStdev":6.75932547,"selectionProb":0.983204553,"selectionValue":482.641461,"utility":0.152489875,"utilityLcb":0.0332464981,"visits":488,"weight":482.6414613290066,"winrate":0.609691916},{"lcb":0.524190264,"move":"F5","order":1,"prior":0.18750371,"pv":["F5","B5","B3","F4","G4","C4","C3","F6","F3","E6","E3","B4","A4"],"pvEdgeVisits":[282,250,103,83,31,18,15,11,8,7,4,3,1],"pvVisits":[282,250,103,83,31,18,15,11,8,7,4,3,1],"resultUtility":-0.173576269,"scoreLead":0.557346299,"scoreMean":0.557346299,"scoreSelfplay":0.686932708,"scoreStdev":10.2367976,"selectionProb":0.00804945342,"selectionValue":125.0,"utility":0.0681244594,"utilityLcb":-0.107149578,"visits":282,"weight":274.8072724411111,"winrate":0.586788134},{"lcb":0.444154999,"move":"F4","order":2,"prior":0.361343056,"pv":["F4","C4","C3","B5","B4","F5","E3","E6","C5","E4","B6","C4"],"pvEdgeVisits":[143,118,106,100,77,24,15,12,5,4,2,1],"pvVisits":[143,118,106,100,77,24,15,12,5,4,2,1],"resultUtility":-0.0337129507,"scoreLead":0.215456619,"scoreMean":0.215456619,"scoreSelfplay":0.230680535,"scoreStdev":9.52726353,"selectionProb":0.00782273835,"selectionValue":124.0,"utility":-0.0159531468,"utilityLcb":-0.21951728,"visits":143,"weight":141.81471185622468,"winrate":0.516856475},{"lcb":0.375694251,"move":"E6","order":3,"prior":0.403681099,"pv":["E6","E3","E2","F2","C2","F5","F6","F4"],"pvEdgeVisits":[83,51,25,22,5,3,2,1],"pvVisits":[83,51,25,22,5,3,2,1],"resultUtility":0.0795832769,"scoreLead":-0.703649746,"scoreMean":-0.703649746,"scoreSelfplay":-0.482331223,"scoreStdev":15.5931266,"selectionProb":0.000923254851,"selectionValue":68.0,"utility":-0.192911059,"utilityLcb":-0.429550568,"visits":83,"weight":82.42654888757451,"winrate":0.460208362},{"lcb":-1.11060376,"move":"B5","order":4,"prior":0.00439723395,"pv":["B5"],"pvEdgeVisits":[1],"pvVisits":[1],"resultUtility":0.721207514,"scoreLead":-4.95396185,"scoreMean":-4.95396185,"scoreSelfplay":-5.44648409,"scoreStdev":10.5671071,"selectionProb":0.0,"selectionValue":0.0,"utility":-0.870644001,"utilityLcb":-4.37064402,"visits":1,"weight":1.0,"winrate":0.139396243},{"lcb":-1.16454727,"move":"B4","order":5,"prior":0.000787151512,"pv":["B4"],"pvEdgeVisits":[1],"pvVisits":[1],"resultUtility":0.829094529,"scoreLead":-5.81449413,"scoreMean":-5.81449413,"scoreSelfplay":-6.96907425,"scoreStdev":9.32004386,"selectionProb":0.0,"selectionValue":0.0,"utility":-1.0120462,"utilityLcb":-4.51204622,"visits":1,"weight":1.0,"winrate":0.0854527354},{"lcb":-1.09901954,"move":"B6","order":6,"prior":0.000691668538,"pv":["B6"],"pvEdgeVisits":[1],"pvVisits":[1],"resultUtility":0.69803907,"scoreLead":-3.44325447,"scoreMean":-3.44325447,"scoreSelfplay":-5.49600983,"scoreStdev":12.4498331,"selectionProb":0.0,"selectionValue":0.0,"utility":-0.834932505,"utilityLcb":-4.33493252,"visits":1,"weight":1.0,"winrate":0.150980465}],"rootInfo":{"currentPlayer":"B","rawStScoreError":-1.0,"rawStWrError":-0.5,"rawVarTimeLeft":-1.0,"scoreLead":0.581012582,"scoreSelfplay":0.653824994,"scoreStdev":8.88383757,"symHash":"10155F672C0B5682E08EB339027AD849","thisHash":"E2B811FEE059E65F93697CB1DE35B543","utility":0.084530127,"visits":1000,"weight":985.6899945139169,"winrate":0.57929939},"turnNumber":8}
{"id":"pvvisittest","isDuringSearch":false,"moveInfos":[{"lcb":0.643886896,"move":"C3","order":0,"prior":0.0883528665,"pv":["C3","E6","F1","B5","B6","D7","B3","F3","C7","E7","A5","G2","E1","G1","A4","pass"],"pvEdgeVisits":[827,620,589,474,471,218,119,77,55,43,18,17,11,10,6,5],"pvVisits":[827,620,589,474,471,218,119,77,55,43,18,17,11,10,6,5],"resultUtility":-0.340407425,"scoreLead":1.0244715,"scoreMean":1.0244715,"scoreSelfplay":1.11389677,"scoreStdev":8.59711276,"selectionProb":0.999999779,"selectionValue":824.815058,"utility":0.318424616,"utilityLcb":0.24473753,"visits":827,"weight":824.815058131777,"winrate":0.670203712},{"lcb":0.430138805,"move":"B2","order":1,"prior":0.153434619,"pv":["B2","E6","B5","D7","C7","E7","F1","A6","A4","A5"],"pvEdgeVisits":[77,63,60,32,27,18,12,5,2,1],"pvVisits":[77,63,60,32,27,18,12,5,2,1],"resultUtility":-0.124986802,"scoreLead":0.486383145,"scoreMean":0.486383145,"scoreSelfplay":0.471707167,"scoreStdev":10.2380155,"selectionProb":1.81645908e-07,"selectionValue":37.0,"utility":0.10140032,"utilityLcb":-0.269192549,"visits":77,"weight":77.0,"winrate":0.562493401},{"lcb":0.440615418,"move":"F1","order":2,"prior":0.146502122,"pv":["F1","E6","B5","B2","F3","F4","G2","D7","A4","A3"],"pvEdgeVisits":[49,26,23,20,15,13,9,8,2,1],"pvVisits":[49,26,23,20,15,13,9,8,2,1],"resultUtility":-0.0834537984,"scoreLead":0.646219069,"scoreMean":0.646219069,"scoreSelfplay":0.557937724,"scoreStdev":16.9529945,"selectionProb":3.75868404e-08,"selectionValue":27.0,"utility":0.0378691948,"utilityLcb":-0.245242953,"visits":49,"weight":49.0,"winrate":0.541726899},{"lcb":0.145630228,"move":"E6","order":3,"prior":0.212886944,"pv":["E6","C3","C2","B2","B1"],"pvEdgeVisits":[22,9,3,2,1],"pvVisits":[22,9,3,2,1],"resultUtility":0.341319329,"scoreLead":-5.11178816,"scoreMean":-5.11178816,"scoreSelfplay":-4.96996507,"scoreStdev":16.7581678,"selectionProb":1.40882541e-09,"selectionValue":14.0,"utility":-0.45486938,"utilityLcb":-0.969257681,"visits":22,"weight":21.34597906504222,"winrate":0.329340335},{"lcb":0.0335971575,"move":"B3","order":4,"prior":0.261169076,"pv":["B3","C3","C2","B2","B1","A3","B5"],"pvEdgeVisits":[12,11,7,6,3,2,1],"pvVisits":[12,11,7,6,3,2,1],"resultUtility":0.616290546,"scoreLead":-12.0197508,"scoreMean":-12.0197508,"scoreSelfplay":-13.3432865,"scoreStdev":16.8672903,"selectionProb":2.61949153e-10,"selectionValue":10.0,"utility":-1.00251232,"utilityLcb":-1.44563352,"visits":12,"weight":12.0,"winrate":0.191854727},{"lcb":0.129279407,"move":"B5","order":5,"prior":0.119903609,"pv":["B5","B2","C2","B3","F1","F3"],"pvEdgeVisits":[9,8,5,4,2,1],"pvVisits":[9,8,5,4,2,1],"resultUtility":0.507100069,"scoreLead":-5.44200315,"scoreMean":-5.44200315,"scoreSelfplay":-5.77001479,"scoreStdev":17.5461826,"selectionProb":2.03691662e-11,"selectionValue":6.0,"utility":-0.686353662,"utilityLcb":-1.01443123,"visits":9,"weight":9.0,"winrate":0.246449966},{"lcb":-0.992835081,"move":"F3","order":6,"prior":0.0126994969,"pv":["F3"],"pvEdgeVisits":[1],"pvVisits":[1],"resultUtility":0.485670149,"scoreLead":-3.74213624,"scoreMean":-3.74213624,"scoreSelfplay":-4.39467239,"scoreStdev":14.6443034,"selectionProb":0.0,"selectionValue":0.0,"utility":-0.582139054,"utilityLcb":-4.08213907,"visits":1,"weight":1.0,"winrate":0.257164925},{"lcb":-1.12430918,"move":"F6","order":7,"prior":0.0017052358,"pv":["F6"],"pvEdgeVisits":[1],"pvVisits":[1],"resultUtility":0.748618349,"scoreLead":-9.68535519,"scoreMean":-9.68535519,"scoreSelfplay":-11.6348562,"scoreStdev":17.0774297,"selectionProb":0.0,"selectionValue":0.0,"utility":-0.922978962,"utilityLcb":-4.42297898,"visits":1,"weight":1.0,"winrate":0.125690825},{"lcb":-1.03206649,"move":"G2","order":8,"prior":0.00111480814,"pv":["G2"],"pvEdgeVisits":[1],"pvVisits":[1],"resultUtility":0.564132974,"scoreLead":-5.01870155,"scoreMean":-5.01870155,"scoreSelfplay":-6.06047058,"scoreStdev":15.185776,"selectionProb":0.0,"selectionValue":0.0,"utility":-0.681311284,"utilityLcb":-4.1813113,"visits":1,"weight":1.0,"winrate":0.217933513}],"rootInfo":{"currentPlayer":"B","rawStScoreError":-1.0,"rawStWrError":-0.5,"rawVarTimeLeft":-1.0,"scoreLead":0.71526202,"scoreSelfplay":0.779202995,"scoreStdev":9.56690928,"symHash":"0CAA03496D1088226717248B65E75E44","thisHash":"3F4A5C26F80BC4C79F44AC7833E26F3F","utility":0.268844085,"visits":1000,"weight":997.1610371968193,"winrate":0.64895974},"turnNumber":14}
