: Running with following config:
cudaUseFP16 = false
cudaUseNHWC = false
forDeterministicTesting = true
logAllRequests = true
logAllResponses = true
logFile = tests/results/analysis/pvvisits.txt.log
logSearchInfo = true
logTimeStamp = false
maxPlayouts = 10000
maxVisits = 100
nnCacheSizePowerOfTwo = 23
nnMaxBatchSize = 64
nnMutexPoolSizePowerOfTwo = 17
nnRandSeed = analysisTest
nnRandomize = false
numAnalysisThreads = 1
numSearchThreads = 1
openclUseFP16 = false
reportAnalysisWinratesAs = BLACK
rootSymmetryPruning = false
trtUseFP16 = false

: Analysis Engine starting...
: KataGo v1.13.0
: nnRandSeed0 = analysisTest
: After dedups: nnModelFile0 = tests/models/g170-b6c96-s175395328-d26788732.bin.gz useFP16 false useNHWC false
: Initializing neural net buffer to be size 19 * 19 allowing smaller boards
: Cuda backend thread 0: Found GPU NVIDIA RTX A6000 memory 51041271808 compute capability major 8 minor 6 device 0
: Cuda backend thread 0: Model version 8 useFP16 = false useNHWC = false
: Cuda backend thread 0: Model name: g170-b6c96-s175395328-d26788732
: Loaded config configs/analysis_example.cfg and/or command-line and query overrides
: Loaded model tests/models/g170-b6c96-s175395328-d26788732.bin.gz
: Config override: cudaUseFP16 = false
: Config override: cudaUseNHWC = false
: Config override: forDeterministicTesting = true
: Config override: logAllRequests = true
: Config override: logAllResponses = true
: Config override: logDir = 
: Config override: logFile = tests/results/analysis/pvvisits.txt.log
: Config override: logSearchInfo = true
: Config override: logTimeStamp = false
: Config override: maxPlayouts = 10000
: Config override: maxVisits = 100
: Config override: nnRandSeed = analysisTest
: Config override: nnRandomize = false
: Config override: numAnalysisThreads = 1
: Config override: numSearchThreadsPerAnalysisThread = 1
: Config override: openclUseFP16 = false
: Config override: rootSymmetryPruning = false
: Config override: trtUseFP16 = false
: Analyzing up to 1 positions at a time in parallel
: Started, ready to begin handling requests
: Request: {"id":"pvvisittest","initialStones":[],"moves":[["B","D4"],["W","D5"],["B","C5"],["W","E4"],["B","D3"],["W","C6"],["B","E5"],["W","D6"]],"rules":"tromp-taylor","komi":9,"boardXSize":7,"boardYSize":7,"overrideSettings":{"maxVisits":1000},"includePVVisits":true}
: Request: {"id":"pvvisittest","initialStones":[],"moves":[["B","D4"],["W","D5"],["B","C5"],["W","E4"],["B","D3"],["W","E5"],["B","C6"],["W","E3"],["B","E2"],["W","F2"],["B","D2"],["W","C4"],["B","D6"],["W","B4"]],"rules":"chinese","komi":9,"boardXSize":7,"boardYSize":7,"overrideSettings":{"maxVisits":1000},"includePVVisits":true}
: MoveNum: 8 HASH: 68923BD112145D32565C85CE0EF9CB35
   A B C D E F G
 7 . . . . . . .
 6 . . O1O3. . .
 5 . . X O X2. .
 4 . . . X O . .
 3 . . . X . . .
 2 . . . . . . .
 1 . . . . . . .

koPOSITIONALscoreAREAtaxNONEsui1komi9
Root visits: 1000
New playouts: 1000
NN rows: 849
NN batches: 849
NN avg batch size: 1
PV: E3 F4 F5 F6 F3 C4 B5 B4 B6 B7 B3 A6 C3 A5 E6
Tree:
: T   7.64c W  15.46c S  -4.64c ( +0.7 L  +0.6) N    1000  --  E3 F4 F5 F6 F3 C4 B5
---Black(^)---
E3  : T  15.56c W  21.84c S  -4.89c ( +1.0 L  +0.9) LCB    3.68c P  3.98% WF 541.7 PSV     503 N     508  --  E3 F4 F5 F6 F3 C4 B5 B4
F5  : T   4.94c W  14.93c S  -4.20c ( +0.7 L  +0.5) LCB  -12.89c P 18.72% WF 255.3 PSV     103 N     266  --  F5 B5 C4 B4 B3 E3 D2 E2
F4  : T  -6.96c W   1.26c S  -5.59c ( +0.1 L  +0.1) LCB  -27.66c P 36.11% WF 124.1 PSV      96 N     141  --  F4 C4 C3 B5 B4 F5 E3 E6
E6  : T -19.30c W  -7.94c S  -4.87c ( -0.5 L  -0.7) LCB  -42.94c P 40.41% WF  65.8 PSV      70 N      83  --  E6 E3 E2 F2 C2 F5 F6 F4
B5  : T -87.04c W -72.11c S -14.94c ( -5.4 L  -4.9) LCB -437.04c P  0.44% WF   0.8 PSV       0 N       1  --  B5

: Response: {"id":"pvvisittest","isDuringSearch":false,"moveInfos":[{"lcb":0.566750816,"move":"E3","order":0,"prior":0.0398006029,"pv":["E3","F4","F5","F6","F3","C4","B5","B4","B6","B7","B3","A6","C3","A5","E6"],"pvEdgeVisits":[508,377,367,326,291,140,89,75,54,16,10,7,3,2,1],"pvVisits":[508,377,367,326,291,140,89,75,54,16,10,7,3,2,1],"scoreLead":0.927929418,"scoreMean":0.927929418,"scoreSelfplay":0.975532425,"scoreStdev":6.68677785,"utility":0.155588146,"utilityLcb":0.0367599517,"visits":508,"weight":503.1645068957709,"winrate":0.609189457},{"lcb":0.51097938,"move":"F5","order":1,"prior":0.187231779,"pv":["F5","B5","C4","B4","B3","E3","D2","E2","F2","B2","E1","C2","F3"],"pvEdgeVisits":[266,233,149,94,80,70,60,36,16,9,4,2,1],"pvVisits":[266,233,149,94,80,70,60,36,16,9,4,2,1],"scoreLead":0.524555309,"scoreMean":0.524555309,"scoreSelfplay":0.65966145,"scoreStdev":10.7830558,"utility":0.0493896853,"utilityLcb":-0.128926644,"visits":266,"weight":260.0065554538843,"winrate":0.574663783},{"lcb":0.432381588,"move":"F4","order":2,"prior":0.3611027,"pv":["F4","C4","C3","B5","B4","F5","E3","E6","C5","E4","B6","C4","E5"],"pvEdgeVisits":[141,116,103,98,75,29,17,14,6,5,3,2,1],"pvVisits":[141,116,103,98,75,29,17,14,6,5,3,2,1],"scoreLead":0.129552905,"scoreMean":0.129552905,"scoreSelfplay":0.141881656,"scoreStdev":9.54638701,"utility":-0.069581849,"utilityLcb":-0.276592999,"visits":141,"weight":140.95070747591356,"winrate":0.506314142},{"lcb":0.375830201,"move":"E6","order":3,"prior":0.404147297,"pv":["E6","E3","E2","F2","C2","F5","F6","F4"],"pvEdgeVisits":[83,51,25,22,5,3,2,1],"pvVisits":[83,51,25,22,5,3,2,1],"scoreLead":-0.702244859,"scoreMean":-0.702244859,"scoreSelfplay":-0.480970718,"scoreStdev":15.5930321,"utility":-0.192956951,"utilityLcb":-0.429425093,"visits":83,"weight":82.42414100247413,"winrate":0.460283109},{"lcb":-1.11052609,"move":"B5","order":4,"prior":0.0044254302,"pv":["B5"],"pvEdgeVisits":[1],"pvVisits":[1],"scoreLead":-4.9499011,"scoreMean":-4.9499011,"scoreSelfplay":-5.44430637,"scoreStdev":10.569167,"utility":-0.87044252,"utilityLcb":-4.37044254,"visits":1,"weight":1.0,"winrate":0.139473915}],"rootInfo":{"currentPlayer":"B","rawStScoreError":-1.0,"rawStWrError":-0.5,"rawVarTimeLeft":-1.0,"scoreLead":0.629670207,"scoreSelfplay":0.702483031,"scoreStdev":8.84713765,"symHash":"10155F672C0B5682E08EB339027AD849","thisHash":"E2B811FEE059E65F93697CB1DE35B543","utility":0.0825800885,"visits":1000,"weight":988.5459108280429,"winrate":0.578602126},"turnNumber":8}
: MoveNum: 14 HASH: B56076090A467FAA5A715507E32E1149
   A B C D E F G
 7 . . . . . . .
 6 . . X X2. . .
 5 . . X O O . .
 4 . O3O1X O . .
 3 . . . X O . .
 2 . . . X X O .
 1 . . . . . . .

koSIMPLEscoreAREAtaxNONEsui0whbNfpok1komi9
Root visits: 1000
New playouts: 1000
NN rows: 1743
NN batches: 1743
NN avg batch size: 1
PV: C3 E6 F1 B5 B6 D7 A6 F3 C7 E7 B3 G2 E1 G1 A5 pass A4 pass pass
Tree:
: T  31.16c W  31.66c S  -1.69c ( +1.1 L  +1.1) N    1000  --  C3 E6 F1 B5 B6 D7 A6
---Black(^)---
C3  : T  37.02c W  36.45c S  -1.13c ( +1.5 L  +1.4) LCB   29.58c P  8.83% WF 864.2 PSV     821 N     825  --  C3 E6 F1 B5 B6 D7 A6 F3
F1  : T   6.75c W  12.26c S  -1.71c ( +0.8 L  +0.8) LCB  -23.66c P 14.65% WF  39.8 PSV      26 N      48  --  F1 E6 B5 B2 F3 F4 G2 D7
B2  : T   4.89c W   9.53c S  -3.67c ( +0.1 L  +0.2) LCB  -32.46c P 15.32% WF  64.4 PSV      25 N      81  --  B2 E6 B5 D7 C7 E7 F1 A6
E6  : T -40.34c W -30.57c S  -8.67c ( -4.3 L  -4.5) LCB  -90.00c P 21.32% WF  12.5 PSV      15 N      21  --  E6 C3 C2 B2 B1
B3  : T -100.26c W -61.64c S -19.39c (-13.3 L -12.0) LCB -144.58c P 26.10% WF   5.8 PSV      10 N      12  --  B3 C3 C2 B2 B1 A3 B5
B5  : T -70.08c W -50.75c S -10.25c ( -5.8 L  -5.4) LCB -101.40c P 12.00% WF   5.2 PSV       6 N       9  --  B5 B2 C2 B3 F1 F3
F3  : T -58.18c W -48.55c S  -9.64c ( -4.4 L  -3.7) LCB -408.18c P  1.27% WF   0.8 PSV       0 N       1  --  F3
F6  : T -92.28c W -74.85c S -17.43c (-11.6 L  -9.7) LCB -442.28c P  0.17% WF   0.7 PSV       0 N       1  --  F6
G2  : T -68.09c W -56.38c S -11.70c ( -6.1 L  -5.0) LCB -418.09c P  0.11% WF   0.7 PSV       0 N       1  --  G2

: Response: {"id":"pvvisittest","isDuringSearch":false,"moveInfos":[{"lcb":0.65568244,"move":"C3","order":0,"prior":0.0883089826,"pv":["C3","E6","F1","B5","B6","D7","A6","F3","C7","E7","B3","G2","E1","G1","A5","pass"],"pvEdgeVisits":[825,533,507,355,353,88,71,57,54,43,25,23,18,17,6,5],"pvVisits":[825,533,507,355,353,88,71,57,54,43,25,23,18,17,6,5],"scoreLead":1.38199616,"scoreMean":1.38199616,"scoreSelfplay":1.46413056,"scoreStdev":10.1016086,"utility":0.370186666,"utilityLcb":0.295767309,"visits":825,"weight":821.0885770806316,"winrate":0.682260782},{"lcb":0.45265324,"move":"F1","order":1,"prior":0.146538883,"pv":["F1","E6","B5","B2","F3","F4","G2","D7","B3","C3"],"pvEdgeVisits":[48,21,20,17,12,10,7,6,2,1],"pvVisits":[48,21,20,17,12,10,7,6,2,1],"scoreLead":0.838410629,"scoreMean":0.838410629,"scoreSelfplay":0.762980824,"scoreStdev":16.757667,"utility":0.0675295367,"utilityLcb":-0.236627205,"visits":48,"weight":48.0,"winrate":0.561280648},{"lcb":0.41424666,"move":"B2","order":2,"prior":0.153230011,"pv":["B2","E6","B5","D7","C7","E7","F1","A6","A4","A5"],"pvEdgeVisits":[81,67,64,36,30,21,15,7,2,1],"pvVisits":[81,67,64,36,30,21,15,7,2,1],"scoreLead":0.200640337,"scoreMean":0.200640337,"scoreSelfplay":0.142938233,"scoreStdev":10.3082031,"utility":0.0489118209,"utilityLcb":-0.324631286,"visits":81,"weight":80.9852246399494,"winrate":0.547654912},{"lcb":0.169768336,"move":"E6","order":3,"prior":0.213198721,"pv":["E6","C3","C2","B2","B1"],"pvEdgeVisits":[21,8,3,2,1],"pvVisits":[21,8,3,2,1],"scoreLead":-4.47399755,"scoreMean":-4.47399755,"scoreSelfplay":-4.33736824,"scoreStdev":16.8402271,"utility":-0.403352915,"utilityLcb":-0.900045119,"visits":21,"weight":20.02399335571604,"winrate":0.347158409},{"lcb":0.0335481685,"move":"B3","order":4,"prior":0.260974646,"pv":["B3","C3","C2","B2","B1","A3","B5"],"pvEdgeVisits":[12,11,7,6,3,2,1],"pvVisits":[12,11,7,6,3,2,1],"scoreLead":-12.0202812,"scoreMean":-12.0202812,"scoreSelfplay":-13.3430561,"scoreStdev":16.8664238,"utility":-1.0025966,"utilityLcb":-1.44575263,"visits":12,"weight":12.0,"winrate":0.19181818},{"lcb":0.13441867,"move":"B5","order":5,"prior":0.120002486,"pv":["B5","B2","C2","B3","F1","F3"],"pvEdgeVisits":[9,8,5,4,2,1],"pvVisits":[9,8,5,4,2,1],"scoreLead":-5.44635368,"scoreMean":-5.44635368,"scoreSelfplay":-5.77451392,"scoreStdev":17.5380879,"utility":-0.700779872,"utilityLcb":-1.01396441,"visits":9,"weight":9.0,"winrate":0.24627029},{"lcb":-0.992725289,"move":"F3","order":6,"prior":0.0126901781,"pv":["F3"],"pvEdgeVisits":[1],"pvVisits":[1],"scoreLead":-3.73720169,"scoreMean":-3.73720169,"scoreSelfplay":-4.38925505,"scoreStdev":14.6472584,"utility":-0.581808924,"utilityLcb":-4.08180894,"visits":1,"weight":1.0,"winrate":0.257274717},{"lcb":-1.12424809,"move":"F6","order":7,"prior":0.00170905283,"pv":["F6"],"pvEdgeVisits":[1],"pvVisits":[1],"scoreLead":-9.68264484,"scoreMean":-9.68264484,"scoreSelfplay":-11.6304379,"scoreStdev":17.0748673,"utility":-0.922810195,"utilityLcb":-4.42281021,"visits":1,"weight":1.0,"winrate":0.125751913},{"lcb":-1.03190256,"move":"G2","order":8,"prior":0.00111638638,"pv":["G2"],"pvEdgeVisits":[1],"pvVisits":[1],"scoreLead":-5.01144886,"scoreMean":-5.01144886,"scoreSelfplay":-6.05273342,"scoreStdev":15.1869778,"utility":-0.680853896,"utilityLcb":-4.18085391,"visits":1,"weight":1.0,"winrate":0.218097448}],"rootInfo":{"currentPlayer":"B","rawStScoreError":-1.0,"rawStWrError":-0.5,"rawVarTimeLeft":-1.0,"scoreLead":1.04352962,"scoreSelfplay":1.1011425,"scoreStdev":10.8169833,"symHash":"0CAA03496D1088226717248B65E75E44","thisHash":"3F4A5C26F80BC4C79F44AC7833E26F3F","utility":0.31748653,"visits":1000,"weight":995.097795076297,"winrate":0.661180995},"turnNumber":14}
: tests/models/g170-b6c96-s175395328-d26788732.bin.gz
: NN rows: 1743
: NN batches: 1743
: NN avg batch size: 1
: GPU -1 finishing, processed 1743 rows 1743 batches
: All cleaned up, quitting
