{"id":"empty","isDuringSearch":false,"moveInfos":[{"lcb":-0.498935028,"move":"Q3","order":0,"prior":0.0898634866,"pv":["Q3","R16","D3"],"scoreLead":0.160348579,"scoreMean":0.160348579,"scoreSelfplay":0.13109386,"scoreStdev":30.7771959,"utility":0.0154894279,"utilityLcb":-2.7910714,"visits":3,"winrate":0.503408124},{"lcb":-0.506608188,"move":"R4","order":1,"prior":0.0889517292,"pv":["R4","R16"],"scoreLead":-0.162009232,"scoreMean":-0.162009232,"scoreSelfplay":-0.294078439,"scoreStdev":30.7562831,"utility":-0.013002028,"utilityLcb":-2.8,"visits":2,"winrate":0.493391812},{"lcb":-0.50702104,"move":"Q17","order":2,"prior":0.0873461664,"pv":["Q17","D3"],"scoreLead":-0.106539875,"scoreMean":-0.106539875,"scoreSelfplay":-0.254695117,"scoreStdev":30.864974,"utility":-0.0135467765,"utilityLcb":-2.8,"visits":2,"winrate":0.49297896},{"lcb":-0.503636003,"move":"C4","order":3,"prior":0.0860430747,"pv":["C4","R16"],"scoreLead":0.015331953799999999,"scoreMean":0.015331953799999999,"scoreSelfplay":-0.130996108,"scoreStdev":30.7448457,"utility":-0.00597657893,"utilityLcb":-2.8,"visits":2,"winrate":0.496363997}],"rootInfo":{"currentPlayer":"B","scoreLead":-0.0057145644,"scoreSelfplay":-0.146335274,"scoreStdev":30.8299452,"symHash":"47E1EBDAE69A5DED3FF8DB1FA4E91845","thisHash":"47E1EBDAE69A5DED3FF8DB1FA4E91845","utility":-0.00745861118,"visits":10,"winrate":0.494826402},"turnNumber":0}
{"id":"diag","isDuringSearch":false,"moveInfos":[{"lcb":1.49512482,"move":"R4","order":0,"prior":0.135981172,"pv":["R4","C16"],"scoreLead":0.195149489,"scoreMean":0.195149489,"scoreSelfplay":0.0867284834,"scoreStdev":30.474886,"utility":0.00392586321,"utilityLcb":2.8,"visits":2,"winrate":0.495124817},{"lcb":1.49235504,"move":"R16","order":1,"prior":0.135614991,"pv":["R16","C16"],"scoreLead":-0.0428365171,"scoreMean":-0.0428365171,"scoreSelfplay":-0.227413625,"scoreStdev":30.5887433,"utility":-0.00178687391,"utilityLcb":2.8,"visits":2,"winrate":0.492355041},{"lcb":1.49315837,"move":"Q3","order":2,"prior":0.125796512,"pv":["Q3","C16"],"scoreLead":0.0940069575,"scoreMean":0.0940069575,"scoreSelfplay":-0.0639788806,"scoreStdev":30.4398756,"utility":-0.00229214956,"utilityLcb":2.8,"visits":2,"winrate":0.49315837},{"lcb":1.49204065,"move":"Q17","order":3,"prior":0.110090256,"pv":["Q17","D17"],"scoreLead":-0.00364415348,"scoreMean":-0.00364415348,"scoreSelfplay":-0.187563151,"scoreStdev":30.6477819,"utility":-0.00446491392,"utilityLcb":2.8,"visits":2,"winrate":0.492040649},{"lcb":1.470442,"move":"D17","order":4,"prior":0.109399699,"pv":["D17"],"scoreLead":-0.083863005,"scoreMean":-0.083863005,"scoreSelfplay":-0.738171637,"scoreStdev":30.2250303,"utility":-0.0630562878,"utilityLcb":2.8,"visits":1,"winrate":0.470441997}],"rootInfo":{"currentPlayer":"W","scoreLead":-0.0138676878,"scoreSelfplay":-0.177071497,"scoreStdev":30.59472,"symHash":"04463BE482B52BD708FC9C247BE1C910","thisHash":"F311E6CDDDBBBFD412598613901B8E82","utility":-0.00531309094,"visits":10,"winrate":0.492566508},"turnNumber":1}
{"id":"nosym","isDuringSearch":false,"moveInfos":[{"lcb":1.26797475,"move":"R16","order":0,"prior":0.132227138,"pv":["R16","C16","Q3"],"scoreLead":0.390939808,"scoreMean":0.390939808,"scoreSelfplay":0.213723977,"scoreStdev":30.4443375,"utility":-0.00564968841,"utilityLcb":2.15081548,"visits":3,"winrate":0.49780862},{"lcb":1.49839564,"move":"Q3","order":1,"prior":0.118342586,"pv":["Q3","C16"],"scoreLead":0.222855443,"scoreMean":0.222855443,"scoreSelfplay":0.163221508,"scoreStdev":30.4169687,"utility":0.00684841078,"utilityLcb":2.8,"visits":2,"winrate":0.498395644},{"lcb":1.50125351,"move":"R4","order":2,"prior":0.116534129,"pv":["R4","C16"],"scoreLead":0.389592826,"scoreMean":0.389592826,"scoreSelfplay":0.37583828,"scoreStdev":30.4526387,"utility":0.0152216178,"utilityLcb":2.8,"visits":2,"winrate":0.501253508},{"lcb":1.50068223,"move":"Q17","order":3,"prior":0.104780748,"pv":["Q17","C16"],"scoreLead":0.262679093,"scoreMean":0.262679093,"scoreSelfplay":0.188584775,"scoreStdev":30.5839492,"utility":0.0136772629,"utilityLcb":2.8,"visits":2,"winrate":0.500682227}],"rootInfo":{"currentPlayer":"W","scoreLead":0.316792855,"scoreSelfplay":0.271959811,"scoreStdev":30.554254,"symHash":"225996804284D28C9BE63B2B78A822B9","thisHash":"EA50B9D8410AA7865C1548D980C2DFE8","utility":0.0101637596,"visits":10,"winrate":0.501691853},"turnNumber":1}
{"id":"rect","isDuringSearch":false,"moveInfos":[{"lcb":0.243438672,"move":"D4","order":0,"ownership":[0.254149,0.266731,0.263915,0.250926,0.221754,0.146914,0.0796,0.026211,-0.048347,-0.090354,-0.033302,0.05495,0.040818,0.255481,0.29224,0.323813,0.268207,0.24184,0.121874,0.058663,-0.061315,-0.221965,-0.191487,-0.150039,-0.051454,0.104052,0.265868,0.31816,0.262327,0.452835,0.276498,0.124937,0.043771,-0.038344,-0.184277,-0.350979,-0.060837,-0.019611,0.067235,0.26957,0.30864,0.535413,0.885542,0.349433,0.177685,0.107486,-0.053159,-0.249068,-0.80311,0.126177,-0.095434,0.083354,0.254993,0.279275,0.305304,0.487552,0.276702,0.110418,0.058125,-0.040234,-0.210366,-0.263055,-0.070084,0.020647,0.083117,0.228883,0.248177,0.269935,0.264334,0.266014,0.114732,0.105197,0.000991,-0.148412,-0.200324,-0.088136,-0.031221,0.070728,0.199342,0.245409,0.240364,0.207731,0.19137,0.168315,0.113404,0.058701,-0.013106,-0.041914,-0.014372,-0.005678,0.024855],"prior":0.418292344,"pv":["D4","K4","L4","L3"],"scoreLead":-0.408256594,"scoreMean":-0.408256594,"scoreSelfplay":-0.399604834,"scoreStdev":13.7688892,"utility":-0.0707829184,"utilityLcb":-0.690653006,"visits":5,"winrate":0.464820846},{"lcb":-0.205774423,"move":"K4","order":1,"ownership":[-0.037946,-0.078867,-0.176517,-0.155929,-0.133931,-0.040349,0.060431,0.13811,0.223314,0.265873,0.255864,0.276607,0.237656,-0.107535,-0.101814,-0.20132,-0.150253,-0.141702,-0.016514,0.092368,0.197407,0.271979,0.290965,0.300358,0.254302,0.274835,-0.098236,-0.183438,-0.180711,-0.370056,-0.176879,0.031832,0.137961,0.230342,0.375237,0.454633,0.280577,0.240704,0.232901,-0.118761,-0.119659,-0.28827,-0.786037,-0.185083,0.035667,0.263949,0.28417,0.347818,0.935282,0.420953,0.228683,0.210855,-0.106506,-0.13883,-0.252226,-0.351736,-0.213736,0.037679,0.111011,0.212718,0.388454,0.475053,0.300437,0.248534,0.227873,-0.119708,-0.076102,-0.160034,-0.117079,-0.12915,-0.031734,0.030849,0.099893,0.262067,0.241879,0.294944,0.223083,0.241817,-0.08113,-0.081919,-0.10507,-0.068932,-0.050217,-0.015953,0.059988,0.146332,0.215535,0.228822,0.250725,0.317579,0.269841],"prior":0.453193456,"pv":["K4","D4","C4","C3"],"scoreLead":-0.391762458,"scoreMean":-0.391762458,"scoreSelfplay":-0.387663215,"scoreStdev":13.4051573,"utility":-0.0797022132,"utilityLcb":-1.94048289,"visits":4,"winrate":0.458790105}],"ownership":[0.130613,0.12031,0.090856,0.084645,0.079169,0.070045,0.066984,0.063754,0.053641,0.047006,0.077235,0.134948,0.11892,0.108694,0.122774,0.11337,0.10062,0.089854,0.067977,0.07046,0.042207,-0.018672,0.0035,0.036081,0.074937,0.163234,0.115261,0.117722,0.10105,0.138979,0.112903,0.090924,0.08138,0.074003,0.056678,-0.009157,0.091557,0.086024,0.130262,0.107546,0.132643,0.201802,0.223858,0.133619,0.113362,0.153166,0.076459,-8.3e-05,-0.091034,0.225189,0.031378,0.125411,0.109331,0.112888,0.097669,0.15533,0.092982,0.080662,0.075943,0.062661,0.042021,0.035119,0.081194,0.106759,0.131942,0.090772,0.104136,0.098907,0.109498,0.106605,0.055629,0.070938,0.039145,0.015582,-0.021525,0.060532999999999997,0.060332,0.128256,0.091622,0.107097,0.10074,0.096429,0.092502,0.089137,0.08385,0.083292,0.07048,0.059791,0.082417,0.111597,0.116112],"rootInfo":{"currentPlayer":"B","scoreLead":-0.286532806,"scoreSelfplay":-0.30006041,"scoreStdev":13.7599479,"symHash":"8BC74662B7D456891A877976DC0B2EB9","thisHash":"DE70617C4887C4CBA28CD3DD04E37C5B","utility":-0.0622817031,"visits":10,"winrate":0.468293282},"turnNumber":0}
{"id":"rect2","isDuringSearch":false,"moveInfos":[{"lcb":0.150524625,"move":"D4","order":0,"ownership":[0.031779,0.115377,0.063066,0.0591,0.038715,0.084436,0.041967,0.063658,0.022344,0.070615,-0.036703,0.032518,-0.023455,0.048185,-0.018359,-0.134683,-0.099626,0.184586,-0.119469,-0.119632,-0.053725,-0.02423,-0.185269,-0.244549,-0.814715,-0.318624,-0.173654,-0.087471,-0.037469,-0.154715,-0.181474,-0.25143,-0.186996,-0.17227,-0.019718,-0.00176,-0.042629,-0.064342,-0.07328,-0.048751,-0.057862,0.021015,0.073162,0.070831,0.092757,0.112036,0.072505,-0.001361,0.099648,0.158889,0.127446,0.156264,0.158941,0.120048,0.120455,0.167626,0.233275,0.255924,0.260656,0.348585,0.294613,0.23645,0.22902,0.272841,0.282505,0.483776,0.8874,0.447782,0.304417,0.262461,0.257503,0.269128,0.272726,0.471937,0.287347,0.311902,0.23832,0.209429,0.231278,0.258965,0.267748,0.312165,0.232095,0.233534,0.200096,0.245173,0.23126,0.21249,0.217866,0.217362,0.203527],"prior":0.390398294,"pv":["D4","D10","D11","C11"],"scoreLead":0.0646326631,"scoreMean":0.0646326631,"scoreSelfplay":-0.0127205601,"scoreStdev":13.4773508,"utility":-0.0263841557,"utilityLcb":-0.957967196,"visits":5,"winrate":0.483232854},{"lcb":-0.297520636,"move":"D10","order":1,"ownership":[0.288541,0.274679,0.263512,0.270751,0.281263,0.304907,0.240016,0.282891,0.228492,0.330316,0.274773,0.316805,0.267808,0.272299,0.264022,0.267451,0.31304,0.477857,0.301191,0.286032,0.229044,0.228721,0.279374,0.501154,0.933517,0.452829,0.279216,0.209338,0.183897,0.211435,0.3631,0.342608,0.356038,0.254137,0.169449,0.121435,0.161924,0.213789,0.222582,0.181698,0.150884,0.153725,0.012362,0.049374,0.055795,0.178456,0.031332,0.142791,0.052103,-0.06399,-0.043679,-0.030754,-0.030941,-0.008304,0.040296,-0.023129,-0.111148,-0.131121,-0.171507,-0.212796,-0.173329,-0.10319299999999999,-0.123008,-0.150961,-0.134604,-0.341583,-0.766487,-0.378206,-0.153331,-0.17221,-0.121219,-0.144498,-0.239099,-0.22228,-0.208669,-0.177332,-0.151234,-0.088954,-0.066969,-0.122825,-0.107732,-0.168981,-0.061817,-0.091685,-0.066347,-0.085163,-0.065833,-0.07699,-0.053242,-0.062401,-0.060407],"prior":0.474608153,"pv":["D10","D4","D3","C3"],"scoreLead":-0.428210214,"scoreMean":-0.428210214,"scoreSelfplay":-0.437314063,"scoreStdev":13.6956401,"utility":-0.0697183597,"utilityLcb":-2.2003805,"visits":4,"winrate":0.463430129}],"ownership":[0.124191,0.165549,0.14062,0.132404,0.135986,0.166635,0.122339,0.142386,0.091196,0.164376,0.082723,0.147241,0.096021,0.130951,0.085907,0.026684,0.078393,0.283817,0.063811,0.044356,0.06259,0.070863,0.002902,0.060547,-0.097546,0.000151,0.011446,0.034104,0.049798,-0.00514,0.047908,-0.00497,0.041105,0.005616,0.055406,0.04717,0.03644,0.050153,0.044023,0.045053,0.028759,0.069292,0.049684,0.057871,0.075793,0.126734,0.055111,0.056336,0.074371,0.070146,0.057654,0.085764,0.082117,0.072072,0.087937,0.085384,0.095078,0.09886,0.103286,0.125479,0.120528,0.100476,0.087017,0.101465,0.112238,0.163429,0.230688,0.125905,0.115754,0.087829,0.105783,0.10463,0.085033,0.18289,0.096201,0.112085,0.080817,0.092415,0.098647,0.106139,0.109547,0.119069,0.105412,0.096439,0.098606,0.105504,0.10995,0.093953,0.106629,0.105679,0.100049],"rootInfo":{"currentPlayer":"B","scoreLead":-0.0445666268,"scoreSelfplay":-0.0952520247,"scoreStdev":13.741897,"symHash":"8BC74662B7D456891A877976DC0B2EB9","thisHash":"8BC74662B7D456891A877976DC0B2EB9","utility":-0.0333274103,"visits":10,"winrate":0.480663427},"turnNumber":0}
{"id":"rect3","isDuringSearch":false,"moveInfos":[{"lcb":0.356546022,"move":"D10","order":0,"ownership":[0.24891,0.260638,0.254745,0.246374,0.255328,0.293853,0.248667,0.269024,0.244839,0.306117,0.259272,0.284045,0.266519,0.262021,0.259006,0.267845,0.251209,0.446373,0.256209,0.280446,0.218753,0.22326,0.268981,0.480245,0.886246,0.4476,0.287226,0.204174,0.181037,0.191093,0.302854,0.328478,0.319934,0.216472,0.165806,0.112549,0.115942,0.093193,0.148461,0.116608,0.110793,0.128503,0.017348,0.021985,0.022046,0.078174,0.020521,0.067564,0.045856,-0.086192,-0.073653,-0.070333,-0.079767,-0.040477,-0.001775,-0.029077,-0.190888,-0.230413,-0.207993,-0.296053,-0.169033,-0.09919,-0.063771,-0.231593,-0.263394,-0.422434,-0.807516,-0.341881,-0.122452,-0.06653,-0.256986,-0.284166,-0.34865,0.368927,0.002697,-0.064624,-0.041282,-0.225878,-0.170427,-0.174262,-0.040301,0.035509,0.010426,-0.000564,-0.135272,-0.126118,-0.071939,-0.027922,0.072637,0.067771,0.050224],"prior":0.474608153,"pv":["D10","D4","D3","C3","E3","C2","E5"],"scoreLead":-0.233813059,"scoreMean":-0.233813059,"scoreSelfplay":-0.254804606,"scoreStdev":13.8034641,"utility":-0.0387630315,"utilityLcb":-0.380113539,"visits":11,"winrate":0.478456918},{"lcb":0.270332084,"move":"D4","order":1,"ownership":[-0.093529,-0.104616,-0.13177,-0.117286,0.03418,0.047264,0.06576,-0.222945,-0.203019,-0.111978,-0.028836,0.123092,0.104105,0.041955,-0.225806,-0.279165,-0.484988,0.353833,0.091919,0.008012,0.044203,-0.228079,-0.30981,-0.376712,-0.82962,-0.244348,-0.056573,1.1e-05,-0.158253,-0.185533,-0.19791,-0.289849,-0.191263,-0.115163,-0.001973,-0.114597,-0.070523,-0.030219,-0.046347,-0.012129,-0.031104,-0.016125,-0.01221,0.020872,0.088601,0.078073,0.083544,0.009092,0.04963,0.102409,0.097705,0.147426,0.149833,0.113027,0.11448,0.114151,0.161862,0.213455,0.332229,0.331674,0.340153,0.224954,0.178003,0.213474,0.272834,0.479172,0.873425,0.431536,0.27412,0.193811,0.262324,0.273613,0.333029,0.472921,0.317573,0.294213,0.222654,0.276947,0.241816,0.273519,0.24678,0.297991,0.250382,0.213493,0.262994,0.28265,0.225171,0.193005,0.251073,0.332816,0.253776],"prior":0.390398294,"pv":["D4","D10","D11","C11","E11","C12"],"scoreLead":-0.00455684776,"scoreMean":-0.00455684776,"scoreSelfplay":-0.212018347,"scoreStdev":13.4854308,"utility":-0.0206051141,"utilityLcb":-0.610403977,"visits":8,"winrate":0.480974535}],"ownership":[0.126628,0.130446,0.12171,0.116978,0.177859,0.204724,0.183626,0.097935,0.084751,0.15821,0.154802,0.226009,0.207232,0.181031,0.088349,0.078009,0.008258,0.400985,0.201199,0.181663,0.156264,0.065679,0.068539,0.183963,0.288859,0.205794,0.164214,0.131159,0.063364,0.060513,0.13312,0.115182,0.145272,0.102106,0.105732,0.035013,0.050345,0.053162,0.080046,0.072464,0.062378,0.07643,0.009362,0.02135,0.045464,0.075519,0.042366,0.048435,0.045497,-0.017187,-0.012126,0.010155,0.002559,0.01655,0.040361,0.020208,-0.062364,-0.070783,-0.009811,-0.070488,0.016625,0.015779,0.021145,-0.071365,-0.071754,-0.096044,-0.208249,-0.064103,0.015278,0.024496,-0.069943,-0.0828,-0.097513,0.385643,0.111945,0.05814,0.049098,-0.044968,-0.028799,-0.014805,0.056288,0.123552,0.088643,0.070054,0.008431,0.014963,0.032383,0.048273,0.130532,0.155645,0.119396],"rootInfo":{"currentPlayer":"B","scoreLead":-0.0832193578,"scoreSelfplay":-0.181932932,"scoreStdev":13.7484608,"symHash":"8BC74662B7D456891A877976DC0B2EB9","thisHash":"8BC74662B7D456891A877976DC0B2EB9","utility":-0.0256857073,"visits":20,"winrate":0.482378593},"turnNumber":0}
{"id":"rect4","isDuringSearch":false,"moveInfos":[{"lcb":0.353131194,"move":"D10","order":0,"ownershipStdev":[0.021094,0.016298,0.013162,0.010817,0.023631,0.038928,0.024086,0.024131,0.035474,0.012662,0.059467,0.019835,0.034046,0.016629,0.013037,0.053857,0.034307,0.018708,0.024251,0.031098,0.013709,0.044239,0.00702,0.012655,0.020504,0.005856,0.018003,0.033919,0.041435,0.018854,0.072126,0.032597,0.067346,0.025747,0.0152,0.034963,0.029852,0.054219,0.053778,0.035518,0.030869,0.022502,0.064387,0.035713,0.05249,0.060284,0.076112,0.065267,0.059863,0.092759,0.040291,0.044593,0.058439,0.090749,0.184172,0.134309,0.137672,0.114274,0.108658,0.04136,0.232129,0.217142,0.175569,0.188247,0.192394,0.199227,0.142825,0.190488,0.311147,0.252767,0.235191,0.301933,0.464912,0.293466,0.458206,0.324669,0.286456,0.271584,0.366721,0.391967,0.211683,0.207213,0.241057,0.250575,0.294567,0.352635,0.242144,0.12633,0.103164,0.200658,0.172972],"prior":0.474608153,"pv":["D10","D4","D3","C3","E3","C2","E5","D5"],"scoreLead":-0.0695860459,"scoreMean":-0.0695860459,"scoreSelfplay":-0.078640914,"scoreStdev":13.7005715,"utility":0.0188383387,"utilityLcb":-0.368989661,"visits":12,"winrate":0.491641194},{"lcb":0.277713558,"move":"D4","order":1,"ownershipStdev":[0.063771,0.109501,0.121766,0.111054,0.098236,0.106854,0.071201,0.122401,0.07,0.165388,0.067334,0.142135,0.058202,0.088607,0.078818,0.051738,0.075385,0.340271,0.063739,0.061373,0.041373,0.068585,0.082108,0.057083,0.201741,0.035226,0.057557,0.044987,0.056659,0.065158,0.019042,0.099094,0.014311,0.045456,0.04192,0.054189,0.027286,0.0777,0.058464,0.044692,0.016828,0.035456,0.049779,0.021931,0.042264,0.05937,0.043596,0.027789,0.023238,0.033761,0.014242,0.051005,0.025467,0.038557,0.007285,0.015664,0.039205,0.0186,0.070523,0.014147,0.04479,0.023863,0.02871,0.0424,0.012006,0.002591,0.022451,0.029992,0.039691,0.055215,0.00321,0.003394,0.04315,0.029651,0.021016,0.026433,0.012838,0.045298,0.011906,0.007326,0.030677,0.030754,0.008587,0.026621,0.054356,0.029894,0.007812,0.004687,0.013163,0.090987,0.059847],"prior":0.390398294,"pv":["D4","D10","D11","C11","E11"],"scoreLead":-0.224452415,"scoreMean":-0.224452415,"scoreSelfplay":-0.498833623,"scoreStdev":13.489455,"utility":-0.100396563,"utilityLcb":-0.621850874,"visits":7,"winrate":0.46394724}],"ownershipStdev":[0.104663,0.086162,0.095396,0.097618,0.10447,0.11239,0.090451,0.111736,0.105463,0.124698,0.127592,0.118565,0.123637,0.098288,0.127117,0.167634,0.158222,0.198428,0.165548,0.171026,0.119612,0.111318,0.204226,0.310333,0.746245,0.328216,0.200069,0.123441,0.099627,0.154957,0.229072,0.264265,0.236274,0.17535,0.080355,0.061839,0.072004,0.096935,0.123497,0.085069,0.082856,0.051886,0.070081,0.0411,0.050523,0.060959,0.067883,0.075392,0.057065,0.143839,0.092337,0.101396,0.095272,0.090429,0.15538,0.133288,0.22636,0.225418,0.213084,0.280097,0.237039,0.2069,0.179921,0.285372,0.290429,0.437592,0.725528,0.342108,0.291274,0.24174,0.320821,0.3671,0.501765,0.264728,0.398585,0.292976,0.254252,0.324577,0.382276,0.422029,0.238286,0.21218,0.218137,0.227449,0.323668,0.370805,0.275884,0.168644,0.114826,0.18339,0.166848],"rootInfo":{"currentPlayer":"B","scoreLead":-0.04640182,"scoreSelfplay":-0.122275685,"scoreStdev":13.7421421,"symHash":"8BC74662B7D456891A877976DC0B2EB9","thisHash":"8BC74662B7D456891A877976DC0B2EB9","utility":-0.00576506322,"visits":20,"winrate":0.487778398},"turnNumber":0}
