: Analysis Engine starting...
: KataGo v1.10.0
: nnRandSeed0 = analysisTest
: After dedups: nnModelFile0 = tests/models/g170-b6c96-s175395328-d26788732.bin.gz useFP16 false useNHWC false
: Initializing neural net buffer to be size 19 * 19 allowing smaller boards
: Cuda backend thread 0: Found GPU Tesla V100-SXM2-16GB memory 16945512448 compute capability major 7 minor 0
: Cuda backend thread 0: Model version 8 useFP16 = false useNHWC = false
: Cuda backend thread 0: Model name: g170-b6c96-s175395328-d26788732
: Loaded config configs/analysis_example.cfg and/or command-line and query overrides
: Loaded model tests/models/g170-b6c96-s175395328-d26788732.bin.gz
: Config override: cudaUseFP16 = false
: Config override: cudaUseNHWC = false
: Config override: forDeterministicTesting = true
: Config override: logAllRequests = true
: Config override: logAllResponses = true
: Config override: logDir = 
: Config override: logFile = tests/results/analysis/symmetry_with_pruning.txt.log
: Config override: logSearchInfo = true
: Config override: logTimeStamp = false
: Config override: maxPlayouts = 10000
: Config override: maxVisits = 100
: Config override: nnRandSeed = analysisTest
: Config override: nnRandomize = false
: Config override: numAnalysisThreads = 1
: Config override: numSearchThreadsPerAnalysisThread = 1
: Config override: openclUseFP16 = false
: Config override: rootSymmetryPruning = true
: Config override: trtUseFP16 = false
: Analyzing up to 1 positions at at time in parallel
: Started, ready to begin handling requests
: Request: {"id":"empty","initialStones":[],"moves":[],"rules":"tromp-taylor","komi":7.5,"boardXSize":19,"boardYSize":19,"overrideSettings":{"maxVisits":10}}
: Request: {"id":"diag","initialStones":[],"moves":[["B","D4"]],"rules":"tromp-taylor","komi":7.5,"boardXSize":19,"boardYSize":19,"overrideSettings":{"maxVisits":10}}
: Request: {"id":"nosym","initialStones":[],"moves":[["B","D3"]],"rules":"tromp-taylor","komi":7.5,"boardXSize":19,"boardYSize":19,"overrideSettings":{"maxVisits":10}}
: Request: {"id":"rect","initialStones":[],"moves":[],"rules":"tromp-taylor","komi":7.5,"boardXSize":13,"boardYSize":7,"overrideSettings":{"maxVisits":10},"includeMovesOwnership":true,"includeOwnership":true}
: Request: {"id":"rect2","initialStones":[],"moves":[],"rules":"tromp-taylor","komi":7.5,"boardXSize":7,"boardYSize":13,"overrideSettings":{"maxVisits":10},"includeMovesOwnership":true,"includeOwnership":true}
: Request: {"id":"rect3","initialStones":[],"moves":[],"rules":"tromp-taylor","komi":7.5,"boardXSize":7,"boardYSize":13,"overrideSettings":{"maxVisits":20},"includeMovesOwnership":true,"includeOwnership":true}
: Request: {"id":"rect4","initialStones":[],"moves":[],"rules":"tromp-taylor","komi":7.5,"boardXSize":7,"boardYSize":13,"overrideSettings":{"maxVisits":20},"includeMovesOwnershipStdev":true,"includeOwnershipStdev":true}
: MoveNum: 0 HASH: CDCBC1F514D7E680FACD226074256633
   A B C D E F G H J K L M N O P Q R S T
19 . . . . . . . . . . . . . . . . . . .
18 . . . . . . . . . . . . . . . . . . .
17 . . . . . . . . . . . . . . . . . . .
16 . . . . . . . . . . . . . . . . . . .
15 . . . . . . . . . . . . . . . . . . .
14 . . . . . . . . . . . . . . . . . . .
13 . . . . . . . . . . . . . . . . . . .
12 . . . . . . . . . . . . . . . . . . .
11 . . . . . . . . . . . . . . . . . . .
10 . . . . . . . . . . . . . . . . . . .
 9 . . . . . . . . . . . . . . . . . . .
 8 . . . . . . . . . . . . . . . . . . .
 7 . . . . . . . . . . . . . . . . . . .
 6 . . . . . . . . . . . . . . . . . . .
 5 . . . . . . . . . . . . . . . . . . .
 4 . . . . . . . . . . . . . . . . . . .
 3 . . . . . . . . . . . . . . . . . . .
 2 . . . . . . . . . . . . . . . . . . .
 1 . . . . . . . . . . . . . . . . . . .

koPOSITIONALscoreAREAtaxNONEsui1komi7.5
Root visits: 10
New playouts: 10
NN rows: 10
NN batches: 10
NN avg batch size: 1
PV: R16 D3 C16
Tree:
: T  -0.54c W  -1.21c S   0.10c ( -0.2 L  -0.1) N      10  --  R16 D3 C16
---Black(^)---
R16 : T   0.59c W  -0.42c S   0.24c ( +0.0 L  +0.0) LCB  -95.01c P  7.34% WF   4.0 PSV       4 N       4  --  R16 D3 C16
Q16 : T  -0.80c W  -1.54c S   0.08c ( -0.2 L  -0.1) LCB  -81.44c P  3.90% WF   4.0 PSV       1 N       4  --  Q16 D3 D17
R17 : T   1.03c W   1.16c S  -0.12c ( -0.5 L  -1.0) LCB -280.00c P  1.71% WF   1.0 PSV       1 N       1  --  R17

: Response: {"id":"empty","isDuringSearch":false,"moveInfos":[{"lcb":0.156494111,"move":"R16","order":0,"prior":0.0734395757,"pv":["R16","D3","C16"],"scoreLead":0.0308079752,"scoreMean":0.0308079752,"scoreSelfplay":0.022568902,"scoreStdev":30.6686075,"utility":0.00588121255,"utilityLcb":-0.950068972,"visits":4,"winrate":0.497904892},{"isSymmetryOf":"R16","lcb":0.156494111,"move":"R4","order":1,"prior":0.0734395757,"pv":["R4","D17","C4"],"scoreLead":0.0308079752,"scoreMean":0.0308079752,"scoreSelfplay":0.022568902,"scoreStdev":30.6686075,"utility":0.00588121255,"utilityLcb":-0.950068972,"visits":4,"winrate":0.497904892},{"isSymmetryOf":"R16","lcb":0.156494111,"move":"C16","order":2,"prior":0.0734395757,"pv":["C16","Q3","R16"],"scoreLead":0.0308079752,"scoreMean":0.0308079752,"scoreSelfplay":0.022568902,"scoreStdev":30.6686075,"utility":0.00588121255,"utilityLcb":-0.950068972,"visits":4,"winrate":0.497904892},{"isSymmetryOf":"R16","lcb":0.156494111,"move":"C4","order":3,"prior":0.0734395757,"pv":["C4","Q17","R4"],"scoreLead":0.0308079752,"scoreMean":0.0308079752,"scoreSelfplay":0.022568902,"scoreStdev":30.6686075,"utility":0.00588121255,"utilityLcb":-0.950068972,"visits":4,"winrate":0.497904892},{"isSymmetryOf":"R16","lcb":0.156494111,"move":"D3","order":4,"prior":0.0734395757,"pv":["D3","R16","D17"],"scoreLead":0.0308079752,"scoreMean":0.0308079752,"scoreSelfplay":0.022568902,"scoreStdev":30.6686075,"utility":0.00588121255,"utilityLcb":-0.950068972,"visits":4,"winrate":0.497904892},{"isSymmetryOf":"R16","lcb":0.156494111,"move":"Q3","order":5,"prior":0.0734395757,"pv":["Q3","C16","Q17"],"scoreLead":0.0308079752,"scoreMean":0.0308079752,"scoreSelfplay":0.022568902,"scoreStdev":30.6686075,"utility":0.00588121255,"utilityLcb":-0.950068972,"visits":4,"winrate":0.497904892},{"isSymmetryOf":"R16","lcb":0.156494111,"move":"D17","order":6,"prior":0.0734395757,"pv":["D17","R4","D3"],"scoreLead":0.0308079752,"scoreMean":0.0308079752,"scoreSelfplay":0.022568902,"scoreStdev":30.6686075,"utility":0.00588121255,"utilityLcb":-0.950068972,"visits":4,"winrate":0.497904892},{"isSymmetryOf":"R16","lcb":0.156494111,"move":"Q17","order":7,"prior":0.0734395757,"pv":["Q17","C4","Q3"],"scoreLead":0.0308079752,"scoreMean":0.0308079752,"scoreSelfplay":0.022568902,"scoreStdev":30.6686075,"utility":0.00588121255,"utilityLcb":-0.950068972,"visits":4,"winrate":0.497904892},{"lcb":0.204318487,"move":"Q16","order":8,"prior":0.0390344262,"pv":["Q16","D3","D17"],"scoreLead":-0.118266621,"scoreMean":-0.118266621,"scoreSelfplay":-0.203925617,"scoreStdev":30.6889091,"utility":-0.00802325764,"utilityLcb":-0.814394228,"visits":4,"winrate":0.49230812},{"isSymmetryOf":"Q16","lcb":0.204318487,"move":"Q4","order":9,"prior":0.0390344262,"pv":["Q4","D17","D3"],"scoreLead":-0.118266621,"scoreMean":-0.118266621,"scoreSelfplay":-0.203925617,"scoreStdev":30.6889091,"utility":-0.00802325764,"utilityLcb":-0.814394228,"visits":4,"winrate":0.49230812},{"isSymmetryOf":"Q16","lcb":0.204318487,"move":"D16","order":10,"prior":0.0390344262,"pv":["D16","Q3","Q17"],"scoreLead":-0.118266621,"scoreMean":-0.118266621,"scoreSelfplay":-0.203925617,"scoreStdev":30.6889091,"utility":-0.00802325764,"utilityLcb":-0.814394228,"visits":4,"winrate":0.49230812},{"isSymmetryOf":"Q16","lcb":0.204318487,"move":"D4","order":11,"prior":0.0390344262,"pv":["D4","Q17","Q3"],"scoreLead":-0.118266621,"scoreMean":-0.118266621,"scoreSelfplay":-0.203925617,"scoreStdev":30.6889091,"utility":-0.00802325764,"utilityLcb":-0.814394228,"visits":4,"winrate":0.49230812},{"lcb":-0.494219318,"move":"R17","order":12,"prior":0.0171311386,"pv":["R17"],"scoreLead":-1.03392744,"scoreMean":-1.03392744,"scoreSelfplay":-0.511485934,"scoreStdev":31.2801814,"utility":0.0103221409,"utilityLcb":-2.8,"visits":1,"winrate":0.505780682},{"isSymmetryOf":"R17","lcb":-0.494219318,"move":"R3","order":13,"prior":0.0171311386,"pv":["R3"],"scoreLead":-1.03392744,"scoreMean":-1.03392744,"scoreSelfplay":-0.511485934,"scoreStdev":31.2801814,"utility":0.0103221409,"utilityLcb":-2.8,"visits":1,"winrate":0.505780682},{"isSymmetryOf":"R17","lcb":-0.494219318,"move":"C17","order":14,"prior":0.0171311386,"pv":["C17"],"scoreLead":-1.03392744,"scoreMean":-1.03392744,"scoreSelfplay":-0.511485934,"scoreStdev":31.2801814,"utility":0.0103221409,"utilityLcb":-2.8,"visits":1,"winrate":0.505780682},{"isSymmetryOf":"R17","lcb":-0.494219318,"move":"C3","order":15,"prior":0.0171311386,"pv":["C3"],"scoreLead":-1.03392744,"scoreMean":-1.03392744,"scoreSelfplay":-0.511485934,"scoreStdev":31.2801814,"utility":0.0103221409,"utilityLcb":-2.8,"visits":1,"winrate":0.505780682}],"rootInfo":{"currentPlayer":"B","scoreLead":-0.151531319,"scoreSelfplay":-0.160318705,"scoreStdev":30.8404404,"symHash":"47E1EBDAE69A5DED3FF8DB1FA4E91845","thisHash":"47E1EBDAE69A5DED3FF8DB1FA4E91845","utility":-0.00431141356,"visits":10,"winrate":0.494611211},"turnNumber":0}
: MoveNum: 1 HASH: 20D027FF3D8F63642B79C3F658C233F1
   A B C D E F G H J K L M N O P Q R S T
19 . . . . . . . . . . . . . . . . . . .
18 . . . . . . . . . . . . . . . . . . .
17 . . . . . . . . . . . . . . . . . . .
16 . . . . . . . . . . . . . . . . . . .
15 . . . . . . . . . . . . . . . . . . .
14 . . . . . . . . . . . . . . . . . . .
13 . . . . . . . . . . . . . . . . . . .
12 . . . . . . . . . . . . . . . . . . .
11 . . . . . . . . . . . . . . . . . . .
10 . . . . . . . . . . . . . . . . . . .
 9 . . . . . . . . . . . . . . . . . . .
 8 . . . . . . . . . . . . . . . . . . .
 7 . . . . . . . . . . . . . . . . . . .
 6 . . . . . . . . . . . . . . . . . . .
 5 . . . . . . . . . . . . . . . . . . .
 4 . . . X1. . . . . . . . . . . . . . .
 3 . . . . . . . . . . . . . . . . . . .
 2 . . . . . . . . . . . . . . . . . . .
 1 . . . . . . . . . . . . . . . . . . .

koPOSITIONALscoreAREAtaxNONEsui1komi7.5
Root visits: 10
New playouts: 10
NN rows: 20
NN batches: 20
NN avg batch size: 1
PV: Q17 D17
Tree:
: T  -0.78c W  -1.74c S  -0.05c ( -0.2 L  -0.0) N      10  --  Q17 D17
---White(v)---
Q17 : T  -0.45c W  -1.59c S  -0.02c ( -0.2 L  -0.0) LCB  280.00c P 11.01% WF   2.0 PSV       2 N       2  --  Q17 D17
D17 : T  -0.82c W  -2.15c S  -0.09c ( -0.3 L  -0.0) LCB  280.00c P 10.94% WF   2.0 PSV       2 N       2  --  D17 Q3
C16 : T  -1.28c W  -2.50c S  -0.18c ( -0.4 L  -0.2) LCB  280.00c P  9.56% WF   2.0 PSV       2 N       2  --  C16 Q3
D16 : T  -0.29c W  -1.43c S   0.06c ( -0.1 L  +0.1) LCB  280.00c P  6.75% WF   2.0 PSV       1 N       2  --  D16 Q3
Q16 : T  -3.99c W  -4.03c S   0.04c ( -0.1 L  +0.6) LCB  280.00c P  6.56% WF   1.0 PSV       1 N       1  --  Q16

: Response: {"id":"diag","isDuringSearch":false,"moveInfos":[{"lcb":1.49204065,"move":"Q17","order":0,"prior":0.110090256,"pv":["Q17","D17"],"scoreLead":-0.00364415348,"scoreMean":-0.00364415348,"scoreSelfplay":-0.187563151,"scoreStdev":30.6477819,"utility":-0.00446491392,"utilityLcb":2.8,"visits":2,"winrate":0.492040649},{"isSymmetryOf":"Q17","lcb":1.49204065,"move":"R16","order":1,"prior":0.110090256,"pv":["R16","R4"],"scoreLead":-0.00364415348,"scoreMean":-0.00364415348,"scoreSelfplay":-0.187563151,"scoreStdev":30.6477819,"utility":-0.00446491392,"utilityLcb":2.8,"visits":2,"winrate":0.492040649},{"lcb":1.48927152,"move":"D17","order":2,"prior":0.109399699,"pv":["D17","Q3"],"scoreLead":-0.0162677448,"scoreMean":-0.0162677448,"scoreSelfplay":-0.296488553,"scoreStdev":30.5947662,"utility":-0.0081520868,"utilityLcb":2.8,"visits":2,"winrate":0.489271522},{"isSymmetryOf":"D17","lcb":1.48927152,"move":"R4","order":3,"prior":0.109399699,"pv":["R4","C16"],"scoreLead":-0.0162677448,"scoreMean":-0.0162677448,"scoreSelfplay":-0.296488553,"scoreStdev":30.5947662,"utility":-0.0081520868,"utilityLcb":2.8,"visits":2,"winrate":0.489271522},{"lcb":1.48748393,"move":"C16","order":4,"prior":0.0956269279,"pv":["C16","Q3"],"scoreLead":-0.176100582,"scoreMean":-0.176100582,"scoreSelfplay":-0.421849489,"scoreStdev":30.5057001,"utility":-0.0128092211,"utilityLcb":2.8,"visits":2,"winrate":0.487483926},{"isSymmetryOf":"C16","lcb":1.48748393,"move":"Q3","order":5,"prior":0.0956269279,"pv":["Q3","C16"],"scoreLead":-0.176100582,"scoreMean":-0.176100582,"scoreSelfplay":-0.421849489,"scoreStdev":30.5057001,"utility":-0.0128092211,"utilityLcb":2.8,"visits":2,"winrate":0.487483926},{"lcb":1.49285545,"move":"D16","order":6,"prior":0.0674574152,"pv":["D16","Q3"],"scoreLead":0.0871253833,"scoreMean":0.0871253833,"scoreSelfplay":-0.0812911987,"scoreStdev":30.5037867,"utility":-0.00288450917,"utilityLcb":2.8,"visits":2,"winrate":0.492855452},{"isSymmetryOf":"D16","lcb":1.49285545,"move":"Q4","order":7,"prior":0.0674574152,"pv":["Q4","C16"],"scoreLead":0.0871253833,"scoreMean":0.0871253833,"scoreSelfplay":-0.0812911987,"scoreStdev":30.5037867,"utility":-0.00288450917,"utilityLcb":2.8,"visits":2,"winrate":0.492855452},{"lcb":1.47985202,"move":"Q16","order":8,"prior":0.0656447783,"pv":["Q16"],"scoreLead":0.557128906,"scoreMean":0.557128906,"scoreSelfplay":-0.109671354,"scoreStdev":30.2274428,"utility":-0.0399282427,"utilityLcb":2.8,"visits":1,"winrate":0.479852021}],"rootInfo":{"currentPlayer":"W","scoreLead":-0.0319928995,"scoreSelfplay":-0.250094881,"scoreStdev":30.6266918,"symHash":"04463BE482B52BD708FC9C247BE1C910","thisHash":"F311E6CDDDBBBFD412598613901B8E82","utility":-0.00827818542,"visits":10,"winrate":0.491129444},"turnNumber":1}
: MoveNum: 1 HASH: 399178EAA13E7B3665350D3C481B629B
   A B C D E F G H J K L M N O P Q R S T
19 . . . . . . . . . . . . . . . . . . .
18 . . . . . . . . . . . . . . . . . . .
17 . . . . . . . . . . . . . . . . . . .
16 . . . . . . . . . . . . . . . . . . .
15 . . . . . . . . . . . . . . . . . . .
14 . . . . . . . . . . . . . . . . . . .
13 . . . . . . . . . . . . . . . . . . .
12 . . . . . . . . . . . . . . . . . . .
11 . . . . . . . . . . . . . . . . . . .
10 . . . . . . . . . . . . . . . . . . .
 9 . . . . . . . . . . . . . . . . . . .
 8 . . . . . . . . . . . . . . . . . . .
 7 . . . . . . . . . . . . . . . . . . .
 6 . . . . . . . . . . . . . . . . . . .
 5 . . . . . . . . . . . . . . . . . . .
 4 . . . . . . . . . . . . . . . . . . .
 3 . . . X1. . . . . . . . . . . . . . .
 2 . . . . . . . . . . . . . . . . . . .
 1 . . . . . . . . . . . . . . . . . . .

koPOSITIONALscoreAREAtaxNONEsui1komi7.5
Root visits: 10
New playouts: 10
NN rows: 30
NN batches: 30
NN avg batch size: 1
PV: R16 C16 Q3
Tree:
: T   1.01c W   0.34c S  -0.09c ( +0.3 L  +0.3) N      10  --  R16 C16 Q3
---White(v)---
R16 : T  -0.56c W  -0.44c S  -0.13c ( +0.2 L  +0.4) LCB  215.08c P 13.22% WF   3.0 PSV       3 N       3  --  R16 C16 Q3
Q3  : T   0.68c W  -0.32c S  -0.17c ( +0.2 L  +0.2) LCB  280.00c P 11.83% WF   2.0 PSV       2 N       2  --  Q3 C16
R4  : T   1.52c W   0.25c S  -0.02c ( +0.4 L  +0.4) LCB  280.00c P 11.65% WF   2.0 PSV       2 N       2  --  R4 C16
Q17 : T   1.37c W   0.14c S  -0.15c ( +0.2 L  +0.3) LCB  280.00c P 10.48% WF   2.0 PSV       2 N       2  --  Q17 C16

: Response: {"id":"nosym","isDuringSearch":false,"moveInfos":[{"lcb":1.26797475,"move":"R16","order":0,"prior":0.132227138,"pv":["R16","C16","Q3"],"scoreLead":0.390939808,"scoreMean":0.390939808,"scoreSelfplay":0.213723977,"scoreStdev":30.4443375,"utility":-0.00564968841,"utilityLcb":2.15081548,"visits":3,"winrate":0.49780862},{"lcb":1.49839564,"move":"Q3","order":1,"prior":0.118342586,"pv":["Q3","C16"],"scoreLead":0.222855443,"scoreMean":0.222855443,"scoreSelfplay":0.163221508,"scoreStdev":30.4169687,"utility":0.00684841078,"utilityLcb":2.8,"visits":2,"winrate":0.498395644},{"lcb":1.50125351,"move":"R4","order":2,"prior":0.116534129,"pv":["R4","C16"],"scoreLead":0.389592826,"scoreMean":0.389592826,"scoreSelfplay":0.37583828,"scoreStdev":30.4526387,"utility":0.0152216178,"utilityLcb":2.8,"visits":2,"winrate":0.501253508},{"lcb":1.50068223,"move":"Q17","order":3,"prior":0.104780748,"pv":["Q17","C16"],"scoreLead":0.262679093,"scoreMean":0.262679093,"scoreSelfplay":0.188584775,"scoreStdev":30.5839492,"utility":0.0136772629,"utilityLcb":2.8,"visits":2,"winrate":0.500682227}],"rootInfo":{"currentPlayer":"W","scoreLead":0.316792855,"scoreSelfplay":0.271959811,"scoreStdev":30.554254,"symHash":"225996804284D28C9BE63B2B78A822B9","thisHash":"EA50B9D8410AA7865C1548D980C2DFE8","utility":0.0101637596,"visits":10,"winrate":0.501691853},"turnNumber":1}
: MoveNum: 0 HASH: 545A4B53BACA7FA667B92AA2D42F022D
   A B C D E F G H J K L M N
 7 . . . . . . . . . . . . .
 6 . . . . . . . . . . . . .
 5 . . . . . . . . . . . . .
 4 . . . . . . . . . . . . .
 3 . . . . . . . . . . . . .
 2 . . . . . . . . . . . . .
 1 . . . . . . . . . . . . .

koPOSITIONALscoreAREAtaxNONEsui1komi7.5
Root visits: 10
New playouts: 10
NN rows: 40
NN batches: 40
NN avg batch size: 1
PV: K4 D4 C4 C3 C5 B3
Tree:
: T  -9.16c W  -7.75c S  -1.07c ( -0.4 L  -0.3) N      10  --  K4 D4 C4 C3 C5 B3
---Black(^)---
K4  : T -10.74c W  -9.14c S  -1.23c ( -0.5 L  -0.4) LCB  -42.38c P 45.32% WF   9.0 PSV       9 N       9  --  K4 D4 C4 C3 C5 B3

: Response: {"id":"rect","isDuringSearch":false,"moveInfos":[{"lcb":0.341283605,"move":"K4","order":0,"ownership":[0.029076,0.004735,-0.06981,-0.059312,-0.078106,-0.045689,0.039262,0.092657,0.189064,0.230465,0.239385,0.263723,0.230259,0.067011,0.060124,-0.051904,-0.082618,-0.114102,-0.016622,0.059941,0.111823,0.239272,0.256827,0.27967,0.233711,0.257937,-0.037708,0.066141,0.044869,-0.264138,-0.120172,-0.004077,0.098609,0.138959,0.332157,0.438126,0.250231,0.225767,0.228925,-0.066293,-0.000348,0.325903,-0.843724,-0.288469,-0.012532,0.083291,0.195154,0.323933,0.890909,0.415019,0.216415,0.198712,-0.098015,-0.158489,-0.489808,-0.406136,-0.286231,-0.021101,0.069999,0.122627,0.357937,0.458668,0.293382,0.256456,0.206539,-0.179572,-0.245171,-0.298469,-0.274276,-0.197475,-0.051117,-0.003894,0.085776,0.243809,0.252589,0.302066,0.223571,0.223259,-0.077537,-0.23591,-0.225019,-0.227036,-0.120594,-0.085944,0.036067,0.126647,0.196077,0.217178,0.232652,0.288862,0.242495],"prior":0.453193456,"pv":["K4","D4","C4","C3","C5","B3"],"scoreLead":-0.411868034,"scoreMean":-0.411868034,"scoreSelfplay":-0.471368247,"scoreStdev":13.4568238,"utility":-0.107372828,"utilityLcb":-0.42381009,"visits":9,"winrate":0.454296913},{"isSymmetryOf":"K4","lcb":0.341283605,"move":"D4","order":1,"ownership":[0.230259,0.263723,0.239385,0.230465,0.189064,0.092657,0.039262,-0.045689,-0.078106,-0.059312,-0.06981,0.004735,0.029076,0.257937,0.233711,0.27967,0.256827,0.239272,0.111823,0.059941,-0.016622,-0.114102,-0.082618,-0.051904,0.060124,0.067011,0.228925,0.225767,0.250231,0.438126,0.332157,0.138959,0.098609,-0.004077,-0.120172,-0.264138,0.044869,0.066141,-0.037708,0.198712,0.216415,0.415019,0.890909,0.323933,0.195154,0.083291,-0.012532,-0.288469,-0.843724,0.325903,-0.000348,-0.066293,0.206539,0.256456,0.293382,0.458668,0.357937,0.122627,0.069999,-0.021101,-0.286231,-0.406136,-0.489808,-0.158489,-0.098015,0.223259,0.223571,0.302066,0.252589,0.243809,0.085776,-0.003894,-0.051117,-0.197475,-0.274276,-0.298469,-0.245171,-0.179572,0.242495,0.288862,0.232652,0.217178,0.196077,0.126647,0.036067,-0.085944,-0.120594,-0.227036,-0.225019,-0.23591,-0.077537],"prior":0.453193456,"pv":["D4","K4","L4","L3","L5","M3"],"scoreLead":-0.411868034,"scoreMean":-0.411868034,"scoreSelfplay":-0.471368247,"scoreStdev":13.4568238,"utility":-0.107372828,"utilityLcb":-0.42381009,"visits":9,"winrate":0.454296913}],"ownership":[0.030636,0.005895,-0.054809,-0.051675,-0.065781,-0.037526,0.037412,0.084254,0.171899,0.210629,0.221093,0.244994,0.220283,0.066569,0.052269,-0.040339,-0.068151,-0.095785,-0.008065,0.059772,0.107163,0.222959,0.237536,0.264631,0.224198,0.241748,-0.030077,0.067075,0.060942,-0.217282,-0.084865,0.007512,0.097652,0.139209,0.324956,0.418091,0.251608,0.215436,0.217598,-0.058341,0.004981,0.302537,-0.74539,-0.252761,-0.007954,0.076437,0.181464,0.30598,0.823026,0.381615,0.198205,0.184453,-0.081411,-0.134253,-0.422116,-0.354214,-0.241406,-0.012158,0.068054,0.120394,0.343176,0.425432,0.278178,0.238949,0.192181,-0.154406,-0.225984,-0.261643,-0.241291,-0.171746,-0.042193,-0.001131,0.080715,0.224413,0.230787,0.27717,0.200328,0.205444,-0.059062,-0.211126,-0.196781,-0.197691,-0.103415,-0.074978,0.033007,0.113666,0.178441,0.197887,0.21163,0.263148,0.225945],"rootInfo":{"currentPlayer":"B","scoreLead":-0.296380757,"scoreSelfplay":-0.369424129,"scoreStdev":13.625593,"symHash":"8BC74662B7D456891A877976DC0B2EB9","thisHash":"DE70617C4887C4CBA28CD3DD04E37C5B","utility":-0.091644904,"visits":10,"winrate":0.461234039},"turnNumber":0}
: MoveNum: 0 HASH: 01ED6C4D4599EDE4DFB280090CC750CF
   A B C D E F G
13 . . . . . . .
12 . . . . . . .
11 . . . . . . .
10 . . . . . . .
 9 . . . . . . .
 8 . . . . . . .
 7 . . . . . . .
 6 . . . . . . .
 5 . . . . . . .
 4 . . . . . . .
 3 . . . . . . .
 2 . . . . . . .
 1 . . . . . . .

koPOSITIONALscoreAREAtaxNONEsui1komi7.5
Root visits: 10
New playouts: 10
NN rows: 50
NN batches: 50
NN avg batch size: 1
PV: D10 D4 D3 E3 C3 E2
Tree:
: T  -5.17c W  -5.24c S  -1.19c ( -0.3 L  -0.2) N      10  --  D10 D4 D3 E3 C3 E2
---Black(^)---
D10 : T  -6.61c W  -6.64c S  -1.37c ( -0.4 L  -0.4) LCB  -55.09c P 47.46% WF   9.0 PSV       9 N       9  --  D10 D4 D3 E3 C3 E2

: Response: {"id":"rect2","isDuringSearch":false,"moveInfos":[{"lcb":0.293641359,"move":"D10","order":0,"ownership":[0.259688,0.271064,0.258727,0.248959,0.268356,0.307297,0.231467,0.281648,0.236342,0.311683,0.236055,0.281121,0.258981,0.256623,0.258528,0.246467,0.270218,0.458799,0.26889,0.264781,0.212002,0.209606,0.270094,0.489258,0.892229,0.443332,0.274738,0.17961,0.163057,0.187762,0.335981,0.314556,0.337903,0.204921,0.152473,0.104082,0.107242,0.100695,0.171082,0.11064,0.10513,0.117976,-0.00067,0.006525,0.041841,0.072535,0.017591,0.061763,-9.4e-05,-0.061731,-0.03062,-0.039337,-0.043804,-0.041699,-0.029959,-0.12311,-0.094026,-0.111123,-0.092326,-0.309739,-0.196638,-0.211872,-0.183797,-0.082201,-0.068756,-0.224948,-0.832916,-0.460131,-0.320142,-0.257944,-0.085165,-0.002393,0.109433,0.316814,-0.486925,-0.2795,-0.246062,-0.042478,0.106469,0.044048,0.055713,-0.182672,-0.2315,-0.234167,-0.005416,0.10082,0.033349,-0.106758,-0.030355,-0.134759,-0.149238],"prior":0.474608153,"pv":["D10","D4","D3","E3","C3","E2"],"scoreLead":-0.359662143,"scoreMean":-0.359662143,"scoreSelfplay":-0.37832363,"scoreStdev":13.7965429,"utility":-0.0660932731,"utilityLcb":-0.550889471,"visits":9,"winrate":0.466782858},{"isSymmetryOf":"D10","lcb":0.293641359,"move":"D4","order":1,"ownership":[-0.005416,0.10082,0.033349,-0.106758,-0.030355,-0.134759,-0.149238,-0.042478,0.106469,0.044048,0.055713,-0.182672,-0.2315,-0.234167,-0.085165,-0.002393,0.109433,0.316814,-0.486925,-0.2795,-0.246062,-0.082201,-0.068756,-0.224948,-0.832916,-0.460131,-0.320142,-0.257944,-0.094026,-0.111123,-0.092326,-0.309739,-0.196638,-0.211872,-0.183797,-0.061731,-0.03062,-0.039337,-0.043804,-0.041699,-0.029959,-0.12311,-0.00067,0.006525,0.041841,0.072535,0.017591,0.061763,-9.4e-05,0.104082,0.107242,0.100695,0.171082,0.11064,0.10513,0.117976,0.163057,0.187762,0.335981,0.314556,0.337903,0.204921,0.152473,0.209606,0.270094,0.489258,0.892229,0.443332,0.274738,0.17961,0.258528,0.246467,0.270218,0.458799,0.26889,0.264781,0.212002,0.281648,0.236342,0.311683,0.236055,0.281121,0.258981,0.256623,0.259688,0.271064,0.258727,0.248959,0.268356,0.307297,0.231467],"prior":0.474608153,"pv":["D4","D10","D11","E11","C11","E12"],"scoreLead":-0.359662143,"scoreMean":-0.359662143,"scoreSelfplay":-0.37832363,"scoreStdev":13.7965429,"utility":-0.0660932731,"utilityLcb":-0.550889471,"visits":9,"winrate":0.466782858}],"ownership":[0.23913,0.249717,0.246314,0.228941,0.257475,0.289777,0.22333,0.261578,0.21139,0.290126,0.218809,0.271137,0.247915,0.239832,0.235928,0.228482,0.266316,0.427607,0.265591,0.247851,0.20243,0.192474,0.249536,0.459069,0.824691,0.414963,0.255942,0.170232,0.152523,0.174491,0.322352,0.29578,0.322791,0.195326,0.143939,0.099159,0.099481,0.101001,0.160037,0.107567,0.102135,0.109947,0.004589,0.007532,0.04295,0.067855,0.020149,0.062518,0.001302,-0.050133,-0.024503,-0.024592,-0.033663,-0.028421,-0.019283,-0.109281,-0.078525,-0.095544,-0.062614,-0.269844,-0.157248,-0.183725,-0.160879,-0.069225,-0.057401,-0.18454,-0.736719,-0.401114,-0.285579,-0.22787,-0.069603,0.005535,0.117832,0.287102,-0.426434,-0.248348,-0.218308,-0.029504,0.091069,0.046805,0.050592,-0.157296,-0.208596,-0.210269,0.007225,0.091607,0.036175,-0.091699,-0.021552,-0.112972,-0.124741],"rootInfo":{"currentPlayer":"B","scoreLead":-0.229294802,"scoreSelfplay":-0.254457387,"scoreStdev":13.9391074,"symHash":"8BC74662B7D456891A877976DC0B2EB9","thisHash":"8BC74662B7D456891A877976DC0B2EB9","utility":-0.0517319344,"visits":10,"winrate":0.473779521},"turnNumber":0}
: MoveNum: 0 HASH: 01ED6C4D4599EDE4DFB280090CC750CF
   A B C D E F G
13 . . . . . . .
12 . . . . . . .
11 . . . . . . .
10 . . . . . . .
 9 . . . . . . .
 8 . . . . . . .
 7 . . . . . . .
 6 . . . . . . .
 5 . . . . . . .
 4 . . . . . . .
 3 . . . . . . .
 2 . . . . . . .
 1 . . . . . . .

koPOSITIONALscoreAREAtaxNONEsui1komi7.5
Root visits: 20
New playouts: 20
NN rows: 60
NN batches: 60
NN avg batch size: 1
PV: D10 D4 D3 E3 C3 E2 C5 C4 B4
Tree:
: T  -4.34c W  -4.28c S  -1.28c ( -0.3 L  -0.2) N      20  --  D10 D4 D3 E3 C3 E2 C5
---Black(^)---
D10 : T  -3.95c W  -4.05c S  -1.26c ( -0.3 L  -0.2) LCB  -26.28c P 47.46% WF  18.1 PSV      18 N      18  --  D10 D4 D3 E3 C3 E2 C5 C4
D9  : T -25.46c W -21.86c S  -3.60c ( -1.9 L  -1.3) LCB -280.00c P  2.95% WF   0.9 PSV       0 N       1  --  D9

: Response: {"id":"rect3","isDuringSearch":false,"moveInfos":[{"lcb":0.400017636,"move":"D10","order":0,"ownership":[0.224442,0.234929,0.23184,0.221372,0.24373,0.272452,0.23971,0.264815,0.199301,0.283357,0.213869,0.252172,0.231348,0.242311,0.247984,0.249114,0.22331,0.402384,0.270457,0.26634,0.212193,0.228902,0.264153,0.499765,0.889214,0.454306,0.291439,0.202037,0.213734,0.232088,0.358346,0.380506,0.344037,0.231069,0.165168,0.192015,0.186325,0.155441,0.194735,0.147095,0.123033,0.121948,0.131842,0.141255,0.134379,0.137264,0.058132,0.074641,0.027852,0.11994,0.144909,0.114515,-0.026301,-0.051217,-0.040295,-0.07919,0.077727,0.124434,0.144432,-0.235532,-0.174678,-0.191541,-0.171745,0.10222,0.072601,-0.276467,-0.781123,-0.432905,-0.277114,-0.240701,0.058016,0.063306,0.080851,0.392154,-0.442144,-0.307174,-0.250043,0.081382,0.075887,-0.014801,-0.110189,-0.381967,-0.319222,-0.26605,0.035562,0.060787,-0.021203,-0.105877,-0.191465,-0.264558,-0.281953],"prior":0.474608153,"pv":["D10","D4","D3","E3","C3","E2","C5","C4","B4"],"scoreLead":-0.213319158,"scoreMean":-0.213319158,"scoreSelfplay":-0.294876668,"scoreStdev":13.635688,"utility":-0.0395226504,"utilityLcb":-0.262765112,"visits":18,"winrate":0.479747086},{"isSymmetryOf":"D10","lcb":0.400017636,"move":"D4","order":1,"ownership":[0.035562,0.060787,-0.021203,-0.105877,-0.191465,-0.264558,-0.281953,0.081382,0.075887,-0.014801,-0.110189,-0.381967,-0.319222,-0.26605,0.058016,0.063306,0.080851,0.392154,-0.442144,-0.307174,-0.250043,0.10222,0.072601,-0.276467,-0.781123,-0.432905,-0.277114,-0.240701,0.077727,0.124434,0.144432,-0.235532,-0.174678,-0.191541,-0.171745,0.11994,0.144909,0.114515,-0.026301,-0.051217,-0.040295,-0.07919,0.131842,0.141255,0.134379,0.137264,0.058132,0.074641,0.027852,0.192015,0.186325,0.155441,0.194735,0.147095,0.123033,0.121948,0.213734,0.232088,0.358346,0.380506,0.344037,0.231069,0.165168,0.228902,0.264153,0.499765,0.889214,0.454306,0.291439,0.202037,0.247984,0.249114,0.22331,0.402384,0.270457,0.26634,0.212193,0.264815,0.199301,0.283357,0.213869,0.252172,0.231348,0.242311,0.224442,0.234929,0.23184,0.221372,0.24373,0.272452,0.23971],"prior":0.474608153,"pv":["D4","D10","D11","E11","C11","E12","C9","C10","B10"],"scoreLead":-0.213319158,"scoreMean":-0.213319158,"scoreSelfplay":-0.294876668,"scoreStdev":13.635688,"utility":-0.0395226504,"utilityLcb":-0.262765112,"visits":18,"winrate":0.479747086},{"lcb":-0.609293759,"move":"D9","order":2,"ownership":[0.143721,0.166462,0.035909,0.039793,0.051578,0.116427,0.097729,0.167675,0.237488,0.099972,0.145815,0.070716,0.134113,0.16684,0.186379,0.107392,0.129021,0.071294,0.082194,0.113452,0.131105,0.256703,0.292466,0.324367,0.243196,0.257945,0.22897700000000001,0.178631,0.279591,0.240911,0.465134,0.828084,0.439994,0.234661,0.214341,0.265317,0.231421,0.223955,0.363537,0.246976,0.231717,0.183236,0.188333,0.11676,0.072256,0.096207,0.111506,0.094709,0.147472,0.131772,0.038929,-0.085003,0.036425,-0.03872,0.061511,0.100786,0.083994,0.018153,-0.244693,-0.118878,-0.194573,0.019051,0.0503,0.062265,0.002021,-0.200441,-0.293885,-0.201685,0.032619,0.027596,0.024419,-0.050228,-0.260965,-0.213475,-0.1303,0.010565,0.026118,0.033791,0.053094,-0.107891,-0.01239,-0.105641,0.003671,0.013079,0.070561,0.108381,0.025983,0.028904,0.004595,0.000848,0.011458],"prior":0.0294825695,"pv":["D9"],"scoreLead":-1.29593468,"scoreMean":-1.29593468,"scoreSelfplay":-1.91709852,"scoreStdev":13.7579654,"utility":-0.254563576,"utilityLcb":-2.8,"visits":1,"winrate":0.390706241},{"isSymmetryOf":"D9","lcb":-0.609293759,"move":"D5","order":3,"ownership":[0.070561,0.108381,0.025983,0.028904,0.004595,0.000848,0.011458,0.033791,0.053094,-0.107891,-0.01239,-0.105641,0.003671,0.013079,0.024419,-0.050228,-0.260965,-0.213475,-0.1303,0.010565,0.026118,0.062265,0.002021,-0.200441,-0.293885,-0.201685,0.032619,0.027596,0.083994,0.018153,-0.244693,-0.118878,-0.194573,0.019051,0.0503,0.131772,0.038929,-0.085003,0.036425,-0.03872,0.061511,0.100786,0.188333,0.11676,0.072256,0.096207,0.111506,0.094709,0.147472,0.265317,0.231421,0.223955,0.363537,0.246976,0.231717,0.183236,0.279591,0.240911,0.465134,0.828084,0.439994,0.234661,0.214341,0.256703,0.292466,0.324367,0.243196,0.257945,0.22897700000000001,0.178631,0.186379,0.107392,0.129021,0.071294,0.082194,0.113452,0.131105,0.167675,0.237488,0.099972,0.145815,0.070716,0.134113,0.16684,0.143721,0.166462,0.035909,0.039793,0.051578,0.116427,0.097729],"prior":0.0294825695,"pv":["D5"],"scoreLead":-1.29593468,"scoreMean":-1.29593468,"scoreSelfplay":-1.91709852,"scoreStdev":13.7579654,"utility":-0.254563576,"utilityLcb":-2.8,"visits":1,"winrate":0.390706241}],"ownership":[0.215477,0.225596,0.226722,0.212289,0.2393,0.265064,0.234993,0.255138,0.188118,0.273501,0.20596,0.248441,0.226978,0.234227,0.236644,0.239509,0.223725,0.388936,0.268638,0.257348,0.207145,0.218869,0.253646,0.483323,0.853826,0.438797,0.280667,0.195921,0.205523,0.222771,0.349995,0.367153,0.33576,0.224643,0.160008,0.184796,0.178078,0.152721,0.187677,0.143559,0.120515,0.117513,0.127636,0.134694,0.130093,0.131394,0.057345,0.074361,0.027116,0.116482,0.138891,0.114178,-0.021884,-0.043728,-0.034132,-0.074223,0.076846,0.120235,0.147609,-0.21844,-0.155102,-0.177797,-0.160317,0.099343,0.071138,-0.252488,-0.733219,-0.403277,-0.261188,-0.225781,0.058671,0.064021,0.086776,0.37255,-0.412664,-0.289321,-0.235226,0.081692,0.069391,-0.010253,-0.104153,-0.358122,-0.30255,-0.251794,0.040058,0.058046,-0.016844,-0.097998,-0.178352,-0.24626,-0.262075],"rootInfo":{"currentPlayer":"B","scoreLead":-0.15240703,"scoreSelfplay":-0.234075853,"scoreStdev":13.7200295,"symHash":"8BC74662B7D456891A877976DC0B2EB9","thisHash":"8BC74662B7D456891A877976DC0B2EB9","utility":-0.0333625048,"visits":20,"winrate":0.482747213},"turnNumber":0}
: MoveNum: 0 HASH: 01ED6C4D4599EDE4DFB280090CC750CF
   A B C D E F G
13 . . . . . . .
12 . . . . . . .
11 . . . . . . .
10 . . . . . . .
 9 . . . . . . .
 8 . . . . . . .
 7 . . . . . . .
 6 . . . . . . .
 5 . . . . . . .
 4 . . . . . . .
 3 . . . . . . .
 2 . . . . . . .
 1 . . . . . . .

koPOSITIONALscoreAREAtaxNONEsui1komi7.5
Root visits: 20
New playouts: 20
NN rows: 61
NN batches: 61
NN avg batch size: 1
PV: D10 D4 D3 E3 C3 E2 C5 C4 B4
Tree:
: T  -2.75c W  -3.08c S  -1.10c ( -0.2 L  -0.1) N      20  --  D10 D4 D3 E3 C3 E2 C5
---Black(^)---
D10 : T  -3.31c W  -3.63c S  -1.18c ( -0.2 L  -0.2) LCB  -24.18c P 47.46% WF  19.0 PSV      19 N      19  --  D10 D4 D3 E3 C3 E2 C5 C4

: Response: {"id":"rect4","isDuringSearch":false,"moveInfos":[{"lcb":0.407272152,"move":"D10","order":0,"ownershipStdev":[0.040792,0.034985,0.030645,0.0399,0.030303,0.056618,0.023502,0.025758,0.055666,0.036949,0.06279,0.051118,0.053164,0.026319,0.018651,0.045251,0.0728,0.087634,0.021783,0.03057,0.017641,0.046566,0.017672,0.020754,0.018232,0.009319,0.016665,0.032092,0.068536,0.053905,0.074163,0.063516,0.059526,0.022318,0.013194000000000001,0.12374,0.104647,0.079802,0.051426,0.036508,0.03014,0.018123,0.188226,0.16467,0.111414,0.073625,0.053258,0.055975,0.048327,0.260194,0.240878,0.216949,0.057134,0.095569,0.193851,0.121288,0.307801,0.378826,0.404808,0.077501,0.21104,0.223313,0.189915,0.380711,0.363566,0.199093,0.11941,0.201303,0.325103,0.274777,0.378548,0.418092,0.558279,0.252893,0.526703,0.396522,0.334315,0.399745,0.411339,0.380359,0.135838,0.436764,0.378149,0.332325,0.344851,0.362759,0.219406,0.149725,0.261246,0.362873,0.3256],"prior":0.474608153,"pv":["D10","D4","D3","E3","C3","E2","C5","C4","B4"],"scoreLead":-0.161435969,"scoreMean":-0.161435969,"scoreSelfplay":-0.240140145,"scoreStdev":13.5792351,"utility":-0.0330679254,"utilityLcb":-0.2418498,"visits":19,"winrate":0.481837107},{"isSymmetryOf":"D10","lcb":0.407272152,"move":"D4","order":1,"ownershipStdev":[0.344851,0.362759,0.219406,0.149725,0.261246,0.362873,0.3256,0.399745,0.411339,0.380359,0.135838,0.436764,0.378149,0.332325,0.378548,0.418092,0.558279,0.252893,0.526703,0.396522,0.334315,0.380711,0.363566,0.199093,0.11941,0.201303,0.325103,0.274777,0.307801,0.378826,0.404808,0.077501,0.21104,0.223313,0.189915,0.260194,0.240878,0.216949,0.057134,0.095569,0.193851,0.121288,0.188226,0.16467,0.111414,0.073625,0.053258,0.055975,0.048327,0.12374,0.104647,0.079802,0.051426,0.036508,0.03014,0.018123,0.068536,0.053905,0.074163,0.063516,0.059526,0.022318,0.013194000000000001,0.046566,0.017672,0.020754,0.018232,0.009319,0.016665,0.032092,0.018651,0.045251,0.0728,0.087634,0.021783,0.03057,0.017641,0.025758,0.055666,0.036949,0.06279,0.051118,0.053164,0.026319,0.040792,0.034985,0.030645,0.0399,0.030303,0.056618,0.023502],"prior":0.474608153,"pv":["D4","D10","D11","E11","C11","E12","C9","C10","B10"],"scoreLead":-0.161435969,"scoreMean":-0.161435969,"scoreSelfplay":-0.240140145,"scoreStdev":13.5792351,"utility":-0.0330679254,"utilityLcb":-0.2418498,"visits":19,"winrate":0.481837107}],"ownershipStdev":[0.053671,0.050837,0.036158,0.053312,0.034392,0.062368,0.029978,0.046854,0.070497,0.053668,0.068957,0.051767,0.054478,0.041713,0.049946,0.059375,0.071052,0.100568,0.022539,0.047395,0.026719,0.062189,0.046378,0.071565,0.147754,0.065092,0.047713,0.040534,0.07582,0.066149,0.08059,0.084143,0.0674,0.034639,0.025098,0.125192,0.108601,0.078903,0.058415,0.038763,0.031284,0.025648,0.184905,0.163676,0.110524,0.076331,0.051974,0.05456,0.047179,0.254547,0.236867,0.211589,0.058421,0.099011,0.1914,0.120285,0.300264,0.370284,0.394563,0.10303,0.222883,0.226318,0.192149,0.371741,0.354703,0.216509,0.229992,0.233486,0.325243,0.276211,0.369027,0.407574,0.544258,0.260428,0.530633,0.395159,0.333034,0.389726,0.402657,0.370868,0.134602,0.439698,0.376734,0.330672,0.336265,0.354106,0.214346,0.150053,0.261867,0.363648,0.329923],"rootInfo":{"currentPlayer":"B","scoreLead":-0.106163607,"scoreSelfplay":-0.185116197,"scoreStdev":13.6623064,"symHash":"8BC74662B7D456891A877976DC0B2EB9","thisHash":"8BC74662B7D456891A877976DC0B2EB9","utility":-0.0275385234,"visits":20,"winrate":0.484582726},"turnNumber":0}
: tests/models/g170-b6c96-s175395328-d26788732.bin.gz
: NN rows: 61
: NN batches: 61
: NN avg batch size: 1
: GPU -1 finishing, processed 61 rows 61 batches
: All cleaned up, quitting
